<?xml version="1.0" encoding="ISO-8859-1" ?>
<link_info>
   <banner>TI ARM Linker PC v20.2.5.LTS</banner>
   <copyright>Copyright (c) 1996-2018 Texas Instruments Incorporated</copyright>
   <link_time>0x61bb5f80</link_time>
   <link_errors>0x0</link_errors>
   <output_file>test_3.out</output_file>
   <entry_point>
      <name>_c_int00_noargs</name>
      <address>0x3f0d</address>
   </entry_point>
   <input_file_list>
      <input_file id="fl-2">
         <path>.\</path>
         <kind>object</kind>
         <file>Clock.obj</file>
         <name>Clock.obj</name>
      </input_file>
      <input_file id="fl-3">
         <path>.\</path>
         <kind>object</kind>
         <file>JN_LCD.obj</file>
         <name>JN_LCD.obj</name>
      </input_file>
      <input_file id="fl-4">
         <path>.\</path>
         <kind>object</kind>
         <file>Motor.obj</file>
         <name>Motor.obj</name>
      </input_file>
      <input_file id="fl-5">
         <path>.\</path>
         <kind>object</kind>
         <file>PWM.obj</file>
         <name>PWM.obj</name>
      </input_file>
      <input_file id="fl-6">
         <path>.\</path>
         <kind>object</kind>
         <file>Reflectance.obj</file>
         <name>Reflectance.obj</name>
      </input_file>
      <input_file id="fl-7">
         <path>.\</path>
         <kind>object</kind>
         <file>UART0.obj</file>
         <name>UART0.obj</name>
      </input_file>
      <input_file id="fl-8">
         <path>.\</path>
         <kind>object</kind>
         <file>main.obj</file>
         <name>main.obj</name>
      </input_file>
      <input_file id="fl-9">
         <path>.\</path>
         <kind>object</kind>
         <file>startup_msp432p401r_ccs.obj</file>
         <name>startup_msp432p401r_ccs.obj</name>
      </input_file>
      <input_file id="fl-a">
         <path>.\</path>
         <kind>object</kind>
         <file>system_msp432p401r.obj</file>
         <name>system_msp432p401r.obj</name>
      </input_file>
      <input_file id="fl-e">
         <kind>object</kind>
         <file>&lt;internal&gt;</file>
         <name>&lt;internal&gt;</name>
      </input_file>
      <input_file id="fl-c4">
         <path>D:\TI\ccs1040\ccs\tools\compiler\ti-cgt-arm_20.2.5.LTS\lib\</path>
         <kind>archive</kind>
         <file>rtsv7M4_T_le_v4SPD16_eabi.lib</file>
         <name>printf.c.obj</name>
      </input_file>
      <input_file id="fl-c5">
         <path>D:\TI\ccs1040\ccs\tools\compiler\ti-cgt-arm_20.2.5.LTS\lib\</path>
         <kind>archive</kind>
         <file>rtsv7M4_T_le_v4SPD16_eabi.lib</file>
         <name>_printfi.c.obj</name>
      </input_file>
      <input_file id="fl-c6">
         <path>D:\TI\ccs1040\ccs\tools\compiler\ti-cgt-arm_20.2.5.LTS\lib\</path>
         <kind>archive</kind>
         <file>rtsv7M4_T_le_v4SPD16_eabi.lib</file>
         <name>fopen.c.obj</name>
      </input_file>
      <input_file id="fl-c7">
         <path>D:\TI\ccs1040\ccs\tools\compiler\ti-cgt-arm_20.2.5.LTS\lib\</path>
         <kind>archive</kind>
         <file>rtsv7M4_T_le_v4SPD16_eabi.lib</file>
         <name>fputc.c.obj</name>
      </input_file>
      <input_file id="fl-c8">
         <path>D:\TI\ccs1040\ccs\tools\compiler\ti-cgt-arm_20.2.5.LTS\lib\</path>
         <kind>archive</kind>
         <file>rtsv7M4_T_le_v4SPD16_eabi.lib</file>
         <name>fputs.c.obj</name>
      </input_file>
      <input_file id="fl-c9">
         <path>D:\TI\ccs1040\ccs\tools\compiler\ti-cgt-arm_20.2.5.LTS\lib\</path>
         <kind>archive</kind>
         <file>rtsv7M4_T_le_v4SPD16_eabi.lib</file>
         <name>_io_perm.c.obj</name>
      </input_file>
      <input_file id="fl-ca">
         <path>D:\TI\ccs1040\ccs\tools\compiler\ti-cgt-arm_20.2.5.LTS\lib\</path>
         <kind>archive</kind>
         <file>rtsv7M4_T_le_v4SPD16_eabi.lib</file>
         <name>setvbuf.c.obj</name>
      </input_file>
      <input_file id="fl-cb">
         <path>D:\TI\ccs1040\ccs\tools\compiler\ti-cgt-arm_20.2.5.LTS\lib\</path>
         <kind>archive</kind>
         <file>rtsv7M4_T_le_v4SPD16_eabi.lib</file>
         <name>s_frexp.c.obj</name>
      </input_file>
      <input_file id="fl-cc">
         <path>D:\TI\ccs1040\ccs\tools\compiler\ti-cgt-arm_20.2.5.LTS\lib\</path>
         <kind>archive</kind>
         <file>rtsv7M4_T_le_v4SPD16_eabi.lib</file>
         <name>s_scalbn.c.obj</name>
      </input_file>
      <input_file id="fl-cd">
         <path>D:\TI\ccs1040\ccs\tools\compiler\ti-cgt-arm_20.2.5.LTS\lib\</path>
         <kind>archive</kind>
         <file>rtsv7M4_T_le_v4SPD16_eabi.lib</file>
         <name>wcslen.c.obj</name>
      </input_file>
      <input_file id="fl-ce">
         <path>D:\TI\ccs1040\ccs\tools\compiler\ti-cgt-arm_20.2.5.LTS\lib\</path>
         <kind>archive</kind>
         <file>rtsv7M4_T_le_v4SPD16_eabi.lib</file>
         <name>fd_add_t2.asm.obj</name>
      </input_file>
      <input_file id="fl-cf">
         <path>D:\TI\ccs1040\ccs\tools\compiler\ti-cgt-arm_20.2.5.LTS\lib\</path>
         <kind>archive</kind>
         <file>rtsv7M4_T_le_v4SPD16_eabi.lib</file>
         <name>fd_cmp_t2.asm.obj</name>
      </input_file>
      <input_file id="fl-d0">
         <path>D:\TI\ccs1040\ccs\tools\compiler\ti-cgt-arm_20.2.5.LTS\lib\</path>
         <kind>archive</kind>
         <file>rtsv7M4_T_le_v4SPD16_eabi.lib</file>
         <name>fd_div_t2.asm.obj</name>
      </input_file>
      <input_file id="fl-d1">
         <path>D:\TI\ccs1040\ccs\tools\compiler\ti-cgt-arm_20.2.5.LTS\lib\</path>
         <kind>archive</kind>
         <file>rtsv7M4_T_le_v4SPD16_eabi.lib</file>
         <name>fd_mul_t2.asm.obj</name>
      </input_file>
      <input_file id="fl-d2">
         <path>D:\TI\ccs1040\ccs\tools\compiler\ti-cgt-arm_20.2.5.LTS\lib\</path>
         <kind>archive</kind>
         <file>rtsv7M4_T_le_v4SPD16_eabi.lib</file>
         <name>fd_toi_t2.asm.obj</name>
      </input_file>
      <input_file id="fl-d3">
         <path>D:\TI\ccs1040\ccs\tools\compiler\ti-cgt-arm_20.2.5.LTS\lib\</path>
         <kind>archive</kind>
         <file>rtsv7M4_T_le_v4SPD16_eabi.lib</file>
         <name>i_tofd_t2.asm.obj</name>
      </input_file>
      <input_file id="fl-d4">
         <path>D:\TI\ccs1040\ccs\tools\compiler\ti-cgt-arm_20.2.5.LTS\lib\</path>
         <kind>archive</kind>
         <file>rtsv7M4_T_le_v4SPD16_eabi.lib</file>
         <name>memcpy_t2.asm.obj</name>
      </input_file>
      <input_file id="fl-d5">
         <path>D:\TI\ccs1040\ccs\tools\compiler\ti-cgt-arm_20.2.5.LTS\lib\</path>
         <kind>archive</kind>
         <file>rtsv7M4_T_le_v4SPD16_eabi.lib</file>
         <name>ull_div_t2.asm.obj</name>
      </input_file>
      <input_file id="fl-d6">
         <path>D:\TI\ccs1040\ccs\tools\compiler\ti-cgt-arm_20.2.5.LTS\lib\</path>
         <kind>archive</kind>
         <file>rtsv7M4_T_le_v4SPD16_eabi.lib</file>
         <name>memset_t2.asm.obj</name>
      </input_file>
      <input_file id="fl-d7">
         <path>D:\TI\ccs1040\ccs\tools\compiler\ti-cgt-arm_20.2.5.LTS\lib\</path>
         <kind>archive</kind>
         <file>rtsv7M4_T_le_v4SPD16_eabi.lib</file>
         <name>copy_zero_init.c.obj</name>
      </input_file>
      <input_file id="fl-d8">
         <path>D:\TI\ccs1040\ccs\tools\compiler\ti-cgt-arm_20.2.5.LTS\lib\</path>
         <kind>archive</kind>
         <file>rtsv7M4_T_le_v4SPD16_eabi.lib</file>
         <name>copy_decompress_none.c.obj</name>
      </input_file>
      <input_file id="fl-d9">
         <path>D:\TI\ccs1040\ccs\tools\compiler\ti-cgt-arm_20.2.5.LTS\lib\</path>
         <kind>archive</kind>
         <file>rtsv7M4_T_le_v4SPD16_eabi.lib</file>
         <name>copy_decompress_lzss.c.obj</name>
      </input_file>
      <input_file id="fl-da">
         <path>D:\TI\ccs1040\ccs\tools\compiler\ti-cgt-arm_20.2.5.LTS\lib\</path>
         <kind>archive</kind>
         <file>rtsv7M4_T_le_v4SPD16_eabi.lib</file>
         <name>exit.c.obj</name>
      </input_file>
      <input_file id="fl-db">
         <path>D:\TI\ccs1040\ccs\tools\compiler\ti-cgt-arm_20.2.5.LTS\lib\</path>
         <kind>archive</kind>
         <file>rtsv7M4_T_le_v4SPD16_eabi.lib</file>
         <name>_lock.c.obj</name>
      </input_file>
      <input_file id="fl-dc">
         <path>D:\TI\ccs1040\ccs\tools\compiler\ti-cgt-arm_20.2.5.LTS\lib\</path>
         <kind>archive</kind>
         <file>rtsv7M4_T_le_v4SPD16_eabi.lib</file>
         <name>_ltoa.c.obj</name>
      </input_file>
      <input_file id="fl-dd">
         <path>D:\TI\ccs1040\ccs\tools\compiler\ti-cgt-arm_20.2.5.LTS\lib\</path>
         <kind>archive</kind>
         <file>rtsv7M4_T_le_v4SPD16_eabi.lib</file>
         <name>atoi.c.obj</name>
      </input_file>
      <input_file id="fl-de">
         <path>D:\TI\ccs1040\ccs\tools\compiler\ti-cgt-arm_20.2.5.LTS\lib\</path>
         <kind>archive</kind>
         <file>rtsv7M4_T_le_v4SPD16_eabi.lib</file>
         <name>ctype.c.obj</name>
      </input_file>
      <input_file id="fl-df">
         <path>D:\TI\ccs1040\ccs\tools\compiler\ti-cgt-arm_20.2.5.LTS\lib\</path>
         <kind>archive</kind>
         <file>rtsv7M4_T_le_v4SPD16_eabi.lib</file>
         <name>defs.c.obj</name>
      </input_file>
      <input_file id="fl-e0">
         <path>D:\TI\ccs1040\ccs\tools\compiler\ti-cgt-arm_20.2.5.LTS\lib\</path>
         <kind>archive</kind>
         <file>rtsv7M4_T_le_v4SPD16_eabi.lib</file>
         <name>memccpy.c.obj</name>
      </input_file>
      <input_file id="fl-e1">
         <path>D:\TI\ccs1040\ccs\tools\compiler\ti-cgt-arm_20.2.5.LTS\lib\</path>
         <kind>archive</kind>
         <file>rtsv7M4_T_le_v4SPD16_eabi.lib</file>
         <name>memchr.c.obj</name>
      </input_file>
      <input_file id="fl-e2">
         <path>D:\TI\ccs1040\ccs\tools\compiler\ti-cgt-arm_20.2.5.LTS\lib\</path>
         <kind>archive</kind>
         <file>rtsv7M4_T_le_v4SPD16_eabi.lib</file>
         <name>memory.c.obj</name>
      </input_file>
      <input_file id="fl-e3">
         <path>D:\TI\ccs1040\ccs\tools\compiler\ti-cgt-arm_20.2.5.LTS\lib\</path>
         <kind>archive</kind>
         <file>rtsv7M4_T_le_v4SPD16_eabi.lib</file>
         <name>strchr.c.obj</name>
      </input_file>
      <input_file id="fl-e4">
         <path>D:\TI\ccs1040\ccs\tools\compiler\ti-cgt-arm_20.2.5.LTS\lib\</path>
         <kind>archive</kind>
         <file>rtsv7M4_T_le_v4SPD16_eabi.lib</file>
         <name>strlen.c.obj</name>
      </input_file>
      <input_file id="fl-e5">
         <path>D:\TI\ccs1040\ccs\tools\compiler\ti-cgt-arm_20.2.5.LTS\lib\</path>
         <kind>archive</kind>
         <file>rtsv7M4_T_le_v4SPD16_eabi.lib</file>
         <name>errno.c.obj</name>
      </input_file>
      <input_file id="fl-e6">
         <path>D:\TI\ccs1040\ccs\tools\compiler\ti-cgt-arm_20.2.5.LTS\lib\</path>
         <kind>archive</kind>
         <file>rtsv7M4_T_le_v4SPD16_eabi.lib</file>
         <name>boot_cortex_m.c.obj</name>
      </input_file>
      <input_file id="fl-e7">
         <path>D:\TI\ccs1040\ccs\tools\compiler\ti-cgt-arm_20.2.5.LTS\lib\</path>
         <kind>archive</kind>
         <file>rtsv7M4_T_le_v4SPD16_eabi.lib</file>
         <name>write.c.obj</name>
      </input_file>
      <input_file id="fl-e8">
         <path>D:\TI\ccs1040\ccs\tools\compiler\ti-cgt-arm_20.2.5.LTS\lib\</path>
         <kind>archive</kind>
         <file>rtsv7M4_T_le_v4SPD16_eabi.lib</file>
         <name>host_device.c.obj</name>
      </input_file>
      <input_file id="fl-e9">
         <path>D:\TI\ccs1040\ccs\tools\compiler\ti-cgt-arm_20.2.5.LTS\lib\</path>
         <kind>archive</kind>
         <file>rtsv7M4_T_le_v4SPD16_eabi.lib</file>
         <name>open.c.obj</name>
      </input_file>
      <input_file id="fl-ea">
         <path>D:\TI\ccs1040\ccs\tools\compiler\ti-cgt-arm_20.2.5.LTS\lib\</path>
         <kind>archive</kind>
         <file>rtsv7M4_T_le_v4SPD16_eabi.lib</file>
         <name>add_device.c.obj</name>
      </input_file>
      <input_file id="fl-eb">
         <path>D:\TI\ccs1040\ccs\tools\compiler\ti-cgt-arm_20.2.5.LTS\lib\</path>
         <kind>archive</kind>
         <file>rtsv7M4_T_le_v4SPD16_eabi.lib</file>
         <name>fclose.c.obj</name>
      </input_file>
      <input_file id="fl-ec">
         <path>D:\TI\ccs1040\ccs\tools\compiler\ti-cgt-arm_20.2.5.LTS\lib\</path>
         <kind>archive</kind>
         <file>rtsv7M4_T_le_v4SPD16_eabi.lib</file>
         <name>fflush.c.obj</name>
      </input_file>
      <input_file id="fl-ed">
         <path>D:\TI\ccs1040\ccs\tools\compiler\ti-cgt-arm_20.2.5.LTS\lib\</path>
         <kind>archive</kind>
         <file>rtsv7M4_T_le_v4SPD16_eabi.lib</file>
         <name>fseek.c.obj</name>
      </input_file>
      <input_file id="fl-ee">
         <path>D:\TI\ccs1040\ccs\tools\compiler\ti-cgt-arm_20.2.5.LTS\lib\</path>
         <kind>archive</kind>
         <file>rtsv7M4_T_le_v4SPD16_eabi.lib</file>
         <name>getdevice.c.obj</name>
      </input_file>
      <input_file id="fl-ef">
         <path>D:\TI\ccs1040\ccs\tools\compiler\ti-cgt-arm_20.2.5.LTS\lib\</path>
         <kind>archive</kind>
         <file>rtsv7M4_T_le_v4SPD16_eabi.lib</file>
         <name>s_copysign.c.obj</name>
      </input_file>
      <input_file id="fl-f0">
         <path>D:\TI\ccs1040\ccs\tools\compiler\ti-cgt-arm_20.2.5.LTS\lib\</path>
         <kind>archive</kind>
         <file>rtsv7M4_T_le_v4SPD16_eabi.lib</file>
         <name>div0.asm.obj</name>
      </input_file>
      <input_file id="fl-f1">
         <path>D:\TI\ccs1040\ccs\tools\compiler\ti-cgt-arm_20.2.5.LTS\lib\</path>
         <kind>archive</kind>
         <file>rtsv7M4_T_le_v4SPD16_eabi.lib</file>
         <name>autoinit.c.obj</name>
      </input_file>
      <input_file id="fl-f2">
         <path>D:\TI\ccs1040\ccs\tools\compiler\ti-cgt-arm_20.2.5.LTS\lib\</path>
         <kind>archive</kind>
         <file>rtsv7M4_T_le_v4SPD16_eabi.lib</file>
         <name>pre_init.c.obj</name>
      </input_file>
      <input_file id="fl-f3">
         <path>D:\TI\ccs1040\ccs\tools\compiler\ti-cgt-arm_20.2.5.LTS\lib\</path>
         <kind>archive</kind>
         <file>rtsv7M4_T_le_v4SPD16_eabi.lib</file>
         <name>cpy_tbl.c.obj</name>
      </input_file>
      <input_file id="fl-f4">
         <path>D:\TI\ccs1040\ccs\tools\compiler\ti-cgt-arm_20.2.5.LTS\lib\</path>
         <kind>archive</kind>
         <file>rtsv7M4_T_le_v4SPD16_eabi.lib</file>
         <name>args_main.c.obj</name>
      </input_file>
      <input_file id="fl-f5">
         <path>D:\TI\ccs1040\ccs\tools\compiler\ti-cgt-arm_20.2.5.LTS\lib\</path>
         <kind>archive</kind>
         <file>rtsv7M4_T_le_v4SPD16_eabi.lib</file>
         <name>strcmp.c.obj</name>
      </input_file>
      <input_file id="fl-f6">
         <path>D:\TI\ccs1040\ccs\tools\compiler\ti-cgt-arm_20.2.5.LTS\lib\</path>
         <kind>archive</kind>
         <file>rtsv7M4_T_le_v4SPD16_eabi.lib</file>
         <name>strncpy.c.obj</name>
      </input_file>
      <input_file id="fl-f7">
         <path>D:\TI\ccs1040\ccs\tools\compiler\ti-cgt-arm_20.2.5.LTS\lib\</path>
         <kind>archive</kind>
         <file>rtsv7M4_T_le_v4SPD16_eabi.lib</file>
         <name>hostclose.c.obj</name>
      </input_file>
      <input_file id="fl-f8">
         <path>D:\TI\ccs1040\ccs\tools\compiler\ti-cgt-arm_20.2.5.LTS\lib\</path>
         <kind>archive</kind>
         <file>rtsv7M4_T_le_v4SPD16_eabi.lib</file>
         <name>hostlseek.c.obj</name>
      </input_file>
      <input_file id="fl-f9">
         <path>D:\TI\ccs1040\ccs\tools\compiler\ti-cgt-arm_20.2.5.LTS\lib\</path>
         <kind>archive</kind>
         <file>rtsv7M4_T_le_v4SPD16_eabi.lib</file>
         <name>hostopen.c.obj</name>
      </input_file>
      <input_file id="fl-fa">
         <path>D:\TI\ccs1040\ccs\tools\compiler\ti-cgt-arm_20.2.5.LTS\lib\</path>
         <kind>archive</kind>
         <file>rtsv7M4_T_le_v4SPD16_eabi.lib</file>
         <name>hostread.c.obj</name>
      </input_file>
      <input_file id="fl-fb">
         <path>D:\TI\ccs1040\ccs\tools\compiler\ti-cgt-arm_20.2.5.LTS\lib\</path>
         <kind>archive</kind>
         <file>rtsv7M4_T_le_v4SPD16_eabi.lib</file>
         <name>hostrename.c.obj</name>
      </input_file>
      <input_file id="fl-fc">
         <path>D:\TI\ccs1040\ccs\tools\compiler\ti-cgt-arm_20.2.5.LTS\lib\</path>
         <kind>archive</kind>
         <file>rtsv7M4_T_le_v4SPD16_eabi.lib</file>
         <name>hostunlink.c.obj</name>
      </input_file>
      <input_file id="fl-fd">
         <path>D:\TI\ccs1040\ccs\tools\compiler\ti-cgt-arm_20.2.5.LTS\lib\</path>
         <kind>archive</kind>
         <file>rtsv7M4_T_le_v4SPD16_eabi.lib</file>
         <name>hostwrite.c.obj</name>
      </input_file>
      <input_file id="fl-fe">
         <path>D:\TI\ccs1040\ccs\tools\compiler\ti-cgt-arm_20.2.5.LTS\lib\</path>
         <kind>archive</kind>
         <file>rtsv7M4_T_le_v4SPD16_eabi.lib</file>
         <name>trgmsg.c.obj</name>
      </input_file>
      <input_file id="fl-ff">
         <path>D:\TI\ccs1040\ccs\tools\compiler\ti-cgt-arm_20.2.5.LTS\lib\</path>
         <kind>archive</kind>
         <file>rtsv7M4_T_le_v4SPD16_eabi.lib</file>
         <name>remove.c.obj</name>
      </input_file>
      <input_file id="fl-100">
         <path>D:\TI\ccs1040\ccs\tools\compiler\ti-cgt-arm_20.2.5.LTS\lib\</path>
         <kind>archive</kind>
         <file>rtsv7M4_T_le_v4SPD16_eabi.lib</file>
         <name>lseek.c.obj</name>
      </input_file>
      <input_file id="fl-101">
         <path>D:\TI\ccs1040\ccs\tools\compiler\ti-cgt-arm_20.2.5.LTS\lib\</path>
         <kind>archive</kind>
         <file>rtsv7M4_T_le_v4SPD16_eabi.lib</file>
         <name>close.c.obj</name>
      </input_file>
      <input_file id="fl-102">
         <path>D:\TI\ccs1040\ccs\tools\compiler\ti-cgt-arm_20.2.5.LTS\lib\</path>
         <kind>archive</kind>
         <file>rtsv7M4_T_le_v4SPD16_eabi.lib</file>
         <name>strcpy.c.obj</name>
      </input_file>
      <input_file id="fl-103">
         <path>D:\TI\ccs1040\ccs\tools\compiler\ti-cgt-arm_20.2.5.LTS\lib\</path>
         <kind>archive</kind>
         <file>rtsv7M4_T_le_v4SPD16_eabi.lib</file>
         <name>unlink.c.obj</name>
      </input_file>
   </input_file_list>
   <object_component_list>
      <object_component id="oc-26">
         <name>.intvecs:retain</name>
         <load_address>0x0</load_address>
         <run_address>0x0</run_address>
         <size>0xe4</size>
         <input_file_ref idref="fl-9"/>
      </object_component>
      <object_component id="oc-17a">
         <name>.text:__TI_printfi</name>
         <load_address>0xe4</load_address>
         <run_address>0xe4</run_address>
         <size>0xa4e</size>
         <input_file_ref idref="fl-c5"/>
      </object_component>
      <object_component id="oc-265">
         <name>.text:_nop</name>
         <load_address>0xb32</load_address>
         <run_address>0xb32</run_address>
         <size>0x2</size>
         <input_file_ref idref="fl-db"/>
      </object_component>
      <object_component id="oc-d6">
         <name>.text</name>
         <load_address>0xb34</load_address>
         <run_address>0xb34</run_address>
         <size>0x6bc</size>
         <input_file_ref idref="fl-7"/>
      </object_component>
      <object_component id="oc-ac">
         <name>.text</name>
         <load_address>0x11f0</load_address>
         <run_address>0x11f0</run_address>
         <size>0x334</size>
         <input_file_ref idref="fl-a"/>
      </object_component>
      <object_component id="oc-241">
         <name>.text:_pconv_a</name>
         <load_address>0x1524</load_address>
         <run_address>0x1524</run_address>
         <size>0x270</size>
         <input_file_ref idref="fl-c5"/>
      </object_component>
      <object_component id="oc-173">
         <name>.text</name>
         <load_address>0x1794</load_address>
         <run_address>0x1794</run_address>
         <size>0x228</size>
         <input_file_ref idref="fl-5"/>
      </object_component>
      <object_component id="oc-9a">
         <name>.text</name>
         <load_address>0x19bc</load_address>
         <run_address>0x19bc</run_address>
         <size>0x220</size>
         <input_file_ref idref="fl-8"/>
      </object_component>
      <object_component id="oc-e2">
         <name>.text</name>
         <load_address>0x1bdc</load_address>
         <run_address>0x1bdc</run_address>
         <size>0x1ec</size>
         <input_file_ref idref="fl-6"/>
      </object_component>
      <object_component id="oc-dc">
         <name>.text</name>
         <load_address>0x1dc8</load_address>
         <run_address>0x1dc8</run_address>
         <size>0x1e0</size>
         <input_file_ref idref="fl-2"/>
      </object_component>
      <object_component id="oc-22f">
         <name>.text:_pconv_g</name>
         <load_address>0x1fa8</load_address>
         <run_address>0x1fa8</run_address>
         <size>0x1d0</size>
         <input_file_ref idref="fl-c5"/>
      </object_component>
      <object_component id="oc-347">
         <name>.text</name>
         <load_address>0x2178</load_address>
         <run_address>0x2178</run_address>
         <size>0x1b6</size>
         <input_file_ref idref="fl-ce"/>
      </object_component>
      <object_component id="oc-418">
         <name>.text</name>
         <load_address>0x232e</load_address>
         <run_address>0x232e</run_address>
         <size>0x2</size>
         <input_file_ref idref="fl-f0"/>
      </object_component>
      <object_component id="oc-e8">
         <name>.text</name>
         <load_address>0x2330</load_address>
         <run_address>0x2330</run_address>
         <size>0x16c</size>
         <input_file_ref idref="fl-4"/>
      </object_component>
      <object_component id="oc-23b">
         <name>.text:_pconv_e</name>
         <load_address>0x249c</load_address>
         <run_address>0x249c</run_address>
         <size>0x13c</size>
         <input_file_ref idref="fl-c5"/>
      </object_component>
      <object_component id="oc-32d">
         <name>.text</name>
         <load_address>0x25d8</load_address>
         <run_address>0x25d8</run_address>
         <size>0x136</size>
         <input_file_ref idref="fl-d0"/>
      </object_component>
      <object_component id="oc-359">
         <name>.text:fcvt</name>
         <load_address>0x2710</load_address>
         <run_address>0x2710</run_address>
         <size>0x124</size>
         <input_file_ref idref="fl-c5"/>
      </object_component>
      <object_component id="oc-26f">
         <name>.text:fputs</name>
         <load_address>0x2834</load_address>
         <run_address>0x2834</run_address>
         <size>0x114</size>
         <input_file_ref idref="fl-c8"/>
      </object_component>
      <object_component id="oc-1dc">
         <name>.text:_openfile</name>
         <load_address>0x2948</load_address>
         <run_address>0x2948</run_address>
         <size>0x110</size>
         <input_file_ref idref="fl-c6"/>
      </object_component>
      <object_component id="oc-36d">
         <name>.text:scalbn</name>
         <load_address>0x2a58</load_address>
         <run_address>0x2a58</run_address>
         <size>0x110</size>
         <input_file_ref idref="fl-cc"/>
      </object_component>
      <object_component id="oc-30d">
         <name>.text:aligned_alloc</name>
         <load_address>0x2b68</load_address>
         <run_address>0x2b68</run_address>
         <size>0x100</size>
         <input_file_ref idref="fl-e2"/>
      </object_component>
      <object_component id="oc-328">
         <name>.text</name>
         <load_address>0x2c68</load_address>
         <run_address>0x2c68</run_address>
         <size>0xfc</size>
         <input_file_ref idref="fl-d1"/>
      </object_component>
      <object_component id="oc-1ef">
         <name>.text:free</name>
         <load_address>0x2d64</load_address>
         <run_address>0x2d64</run_address>
         <size>0xe4</size>
         <input_file_ref idref="fl-e2"/>
      </object_component>
      <object_component id="oc-15b">
         <name>.text:setvbuf</name>
         <load_address>0x2e48</load_address>
         <run_address>0x2e48</run_address>
         <size>0xdc</size>
         <input_file_ref idref="fl-ca"/>
      </object_component>
      <object_component id="oc-2e0">
         <name>.text:open</name>
         <load_address>0x2f24</load_address>
         <run_address>0x2f24</run_address>
         <size>0xbc</size>
         <input_file_ref idref="fl-e9"/>
      </object_component>
      <object_component id="oc-149">
         <name>.text:add_device</name>
         <load_address>0x2fe0</load_address>
         <run_address>0x2fe0</run_address>
         <size>0xb8</size>
         <input_file_ref idref="fl-ea"/>
      </object_component>
      <object_component id="oc-224">
         <name>.text:_ltostr</name>
         <load_address>0x3098</load_address>
         <run_address>0x3098</run_address>
         <size>0xb1</size>
         <input_file_ref idref="fl-c5"/>
      </object_component>
      <object_component id="oc-14f">
         <name>.text:fopen</name>
         <load_address>0x314c</load_address>
         <run_address>0x314c</run_address>
         <size>0x9c</size>
         <input_file_ref idref="fl-c6"/>
      </object_component>
      <object_component id="oc-3a">
         <name>.text</name>
         <load_address>0x31e8</load_address>
         <run_address>0x31e8</run_address>
         <size>0x9c</size>
         <input_file_ref idref="fl-d4"/>
      </object_component>
      <object_component id="oc-321">
         <name>.text</name>
         <load_address>0x3284</load_address>
         <run_address>0x3284</run_address>
         <size>0x96</size>
         <input_file_ref idref="fl-d5"/>
      </object_component>
      <object_component id="oc-276">
         <name>.text:fputc</name>
         <load_address>0x331c</load_address>
         <run_address>0x331c</run_address>
         <size>0x8c</size>
         <input_file_ref idref="fl-c7"/>
      </object_component>
      <object_component id="oc-22a">
         <name>.text:__aeabi_cdcmple</name>
         <load_address>0x33a8</load_address>
         <run_address>0x33a8</run_address>
         <size>0x86</size>
         <input_file_ref idref="fl-cf"/>
      </object_component>
      <object_component id="oc-332">
         <name>.text:__aeabi_cdrcmple</name>
         <load_address>0x342e</load_address>
         <run_address>0x342e</run_address>
         <size>0x86</size>
         <input_file_ref idref="fl-cf"/>
      </object_component>
      <object_component id="oc-8e">
         <name>.text</name>
         <load_address>0x34b4</load_address>
         <run_address>0x34b4</run_address>
         <size>0x7a</size>
         <input_file_ref idref="fl-d6"/>
      </object_component>
      <object_component id="oc-1e8">
         <name>.text:__TI_closefile</name>
         <load_address>0x3530</load_address>
         <run_address>0x3530</run_address>
         <size>0x74</size>
         <input_file_ref idref="fl-eb"/>
      </object_component>
      <object_component id="oc-408">
         <name>.text:split</name>
         <load_address>0x35a4</load_address>
         <run_address>0x35a4</run_address>
         <size>0x70</size>
         <input_file_ref idref="fl-e2"/>
      </object_component>
      <object_component id="oc-352">
         <name>.text:_mcpy</name>
         <load_address>0x3614</load_address>
         <run_address>0x3614</run_address>
         <size>0x6e</size>
         <input_file_ref idref="fl-c5"/>
      </object_component>
      <object_component id="oc-2cb">
         <name>.text:HOSTrename</name>
         <load_address>0x3684</load_address>
         <run_address>0x3684</run_address>
         <size>0x6c</size>
         <input_file_ref idref="fl-fb"/>
      </object_component>
      <object_component id="oc-2bf">
         <name>.text:HOSTlseek</name>
         <load_address>0x36f0</load_address>
         <run_address>0x36f0</run_address>
         <size>0x68</size>
         <input_file_ref idref="fl-f8"/>
      </object_component>
      <object_component id="oc-17">
         <name>.text:decompress:lzss:__TI_decompress_lzss</name>
         <load_address>0x3758</load_address>
         <run_address>0x3758</run_address>
         <size>0x68</size>
         <input_file_ref idref="fl-d9"/>
      </object_component>
      <object_component id="oc-ee">
         <name>.text:printf</name>
         <load_address>0x37c0</load_address>
         <run_address>0x37c0</run_address>
         <size>0x68</size>
         <input_file_ref idref="fl-c4"/>
      </object_component>
      <object_component id="oc-367">
         <name>.text:frexp</name>
         <load_address>0x3828</load_address>
         <run_address>0x3828</run_address>
         <size>0x64</size>
         <input_file_ref idref="fl-cb"/>
      </object_component>
      <object_component id="oc-44d">
         <name>.text:fseek</name>
         <load_address>0x388c</load_address>
         <run_address>0x388c</run_address>
         <size>0x64</size>
         <input_file_ref idref="fl-ed"/>
      </object_component>
      <object_component id="oc-397">
         <name>.text:__TI_wrt_ok</name>
         <load_address>0x38f0</load_address>
         <run_address>0x38f0</run_address>
         <size>0x62</size>
         <input_file_ref idref="fl-c9"/>
      </object_component>
      <object_component id="oc-2a7">
         <name>.text:HOSTopen</name>
         <load_address>0x3954</load_address>
         <run_address>0x3954</run_address>
         <size>0x60</size>
         <input_file_ref idref="fl-f9"/>
      </object_component>
      <object_component id="oc-2f1">
         <name>.text:close</name>
         <load_address>0x39b4</load_address>
         <run_address>0x39b4</run_address>
         <size>0x5c</size>
         <input_file_ref idref="fl-101"/>
      </object_component>
      <object_component id="oc-2b3">
         <name>.text:HOSTread</name>
         <load_address>0x3a10</load_address>
         <run_address>0x3a10</run_address>
         <size>0x58</size>
         <input_file_ref idref="fl-fa"/>
      </object_component>
      <object_component id="oc-2b9">
         <name>.text:HOSTwrite</name>
         <load_address>0x3a68</load_address>
         <run_address>0x3a68</run_address>
         <size>0x58</size>
         <input_file_ref idref="fl-fd"/>
      </object_component>
      <object_component id="oc-235">
         <name>.text:_pconv_f</name>
         <load_address>0x3ac0</load_address>
         <run_address>0x3ac0</run_address>
         <size>0x56</size>
         <input_file_ref idref="fl-c5"/>
      </object_component>
      <object_component id="oc-33c">
         <name>.text:__TI_ltoa</name>
         <load_address>0x3b16</load_address>
         <run_address>0x3b16</run_address>
         <size>0x54</size>
         <input_file_ref idref="fl-dc"/>
      </object_component>
      <object_component id="oc-34c">
         <name>.text:_ecpy</name>
         <load_address>0x3b6a</load_address>
         <run_address>0x3b6a</run_address>
         <size>0x52</size>
         <input_file_ref idref="fl-c5"/>
      </object_component>
      <object_component id="oc-2eb">
         <name>.text:__TI_doflush</name>
         <load_address>0x3bbc</load_address>
         <run_address>0x3bbc</run_address>
         <size>0x4c</size>
         <input_file_ref idref="fl-ec"/>
      </object_component>
      <object_component id="oc-21e">
         <name>.text:atoi</name>
         <load_address>0x3c08</load_address>
         <run_address>0x3c08</run_address>
         <size>0x4c</size>
         <input_file_ref idref="fl-dd"/>
      </object_component>
      <object_component id="oc-103">
         <name>.text:exit</name>
         <load_address>0x3c54</load_address>
         <run_address>0x3c54</run_address>
         <size>0x48</size>
         <input_file_ref idref="fl-da"/>
      </object_component>
      <object_component id="oc-337">
         <name>.text</name>
         <load_address>0x3c9c</load_address>
         <run_address>0x3c9c</run_address>
         <size>0x48</size>
         <input_file_ref idref="fl-d2"/>
      </object_component>
      <object_component id="oc-2ad">
         <name>.text:HOSTclose</name>
         <load_address>0x3ce4</load_address>
         <run_address>0x3ce4</run_address>
         <size>0x44</size>
         <input_file_ref idref="fl-f7"/>
      </object_component>
      <object_component id="oc-2c5">
         <name>.text:HOSTunlink</name>
         <load_address>0x3d28</load_address>
         <run_address>0x3d28</run_address>
         <size>0x44</size>
         <input_file_ref idref="fl-fc"/>
      </object_component>
      <object_component id="oc-109">
         <name>.text:__TI_auto_init_nobinit_nopinit:__TI_auto_init_nobinit_nopinit</name>
         <load_address>0x3d6c</load_address>
         <run_address>0x3d6c</run_address>
         <size>0x44</size>
         <input_file_ref idref="fl-f1"/>
      </object_component>
      <object_component id="oc-3ef">
         <name>.text:getdevice</name>
         <load_address>0x3db0</load_address>
         <run_address>0x3db0</run_address>
         <size>0x44</size>
         <input_file_ref idref="fl-ee"/>
      </object_component>
      <object_component id="oc-35f">
         <name>.text:_fcpy</name>
         <load_address>0x3df4</load_address>
         <run_address>0x3df4</run_address>
         <size>0x3e</size>
         <input_file_ref idref="fl-c5"/>
      </object_component>
      <object_component id="oc-3c6">
         <name>.text:__TI_writemsg</name>
         <load_address>0x3e34</load_address>
         <run_address>0x3e34</run_address>
         <size>0x38</size>
         <input_file_ref idref="fl-fe"/>
      </object_component>
      <object_component id="oc-1d0">
         <name>.text:strncpy</name>
         <load_address>0x3e6c</load_address>
         <run_address>0x3e6c</run_address>
         <size>0x36</size>
         <input_file_ref idref="fl-f6"/>
      </object_component>
      <object_component id="oc-1fb">
         <name>.text:__TI_cleanup</name>
         <load_address>0x3ea4</load_address>
         <run_address>0x3ea4</run_address>
         <size>0x34</size>
         <input_file_ref idref="fl-c6"/>
      </object_component>
      <object_component id="oc-3cc">
         <name>.text:__TI_readmsg</name>
         <load_address>0x3ed8</load_address>
         <run_address>0x3ed8</run_address>
         <size>0x34</size>
         <input_file_ref idref="fl-fe"/>
      </object_component>
      <object_component id="oc-58">
         <name>.text:_c_int00_noargs:_c_int00_noargs</name>
         <load_address>0x3f0c</load_address>
         <run_address>0x3f0c</run_address>
         <size>0x34</size>
         <input_file_ref idref="fl-e6"/>
      </object_component>
      <object_component id="oc-155">
         <name>.text:freopen</name>
         <load_address>0x3f40</load_address>
         <run_address>0x3f40</run_address>
         <size>0x34</size>
         <input_file_ref idref="fl-c6"/>
      </object_component>
      <object_component id="oc-1ca">
         <name>.text:finddevice</name>
         <load_address>0x3f74</load_address>
         <run_address>0x3f74</run_address>
         <size>0x30</size>
         <input_file_ref idref="fl-ee"/>
      </object_component>
      <object_component id="oc-342">
         <name>.text</name>
         <load_address>0x3fa4</load_address>
         <run_address>0x3fa4</run_address>
         <size>0x2e</size>
         <input_file_ref idref="fl-d3"/>
      </object_component>
      <object_component id="oc-2f7">
         <name>.text:unlink</name>
         <load_address>0x3fd4</load_address>
         <run_address>0x3fd4</run_address>
         <size>0x2c</size>
         <input_file_ref idref="fl-103"/>
      </object_component>
      <object_component id="oc-306">
         <name>.text:free_list_insert</name>
         <load_address>0x4000</load_address>
         <run_address>0x4000</run_address>
         <size>0x28</size>
         <input_file_ref idref="fl-e2"/>
      </object_component>
      <object_component id="oc-493">
         <name>.text:lseek</name>
         <load_address>0x4028</load_address>
         <run_address>0x4028</run_address>
         <size>0x28</size>
         <input_file_ref idref="fl-100"/>
      </object_component>
      <object_component id="oc-3a3">
         <name>.text:write</name>
         <load_address>0x4050</load_address>
         <run_address>0x4050</run_address>
         <size>0x28</size>
         <input_file_ref idref="fl-e7"/>
      </object_component>
      <object_component id="oc-39d">
         <name>.text:memchr</name>
         <load_address>0x4078</load_address>
         <run_address>0x4078</run_address>
         <size>0x20</size>
         <input_file_ref idref="fl-e1"/>
      </object_component>
      <object_component id="oc-46">
         <name>.text:decompress:ZI:__TI_zero_init_nomemset:__TI_zero_init_nomemset</name>
         <load_address>0x4098</load_address>
         <run_address>0x4098</run_address>
         <size>0x1c</size>
         <input_file_ref idref="fl-d7"/>
      </object_component>
      <object_component id="oc-300">
         <name>.text:free_list_remove</name>
         <load_address>0x40b4</load_address>
         <run_address>0x40b4</run_address>
         <size>0x1c</size>
         <input_file_ref idref="fl-e2"/>
      </object_component>
      <object_component id="oc-247">
         <name>.text:memccpy</name>
         <load_address>0x40d0</load_address>
         <run_address>0x40d0</run_address>
         <size>0x1c</size>
         <input_file_ref idref="fl-e0"/>
      </object_component>
      <object_component id="oc-431">
         <name>.text:copysign</name>
         <load_address>0x40ec</load_address>
         <run_address>0x40ec</run_address>
         <size>0x1a</size>
         <input_file_ref idref="fl-ef"/>
      </object_component>
      <object_component id="oc-29d">
         <name>.text:strcmp</name>
         <load_address>0x4106</load_address>
         <run_address>0x4106</run_address>
         <size>0x18</size>
         <input_file_ref idref="fl-f5"/>
      </object_component>
      <object_component id="oc-373">
         <name>.text:strchr</name>
         <load_address>0x411e</load_address>
         <run_address>0x411e</run_address>
         <size>0x16</size>
         <input_file_ref idref="fl-e3"/>
      </object_component>
      <object_component id="oc-3e0">
         <name>.text:strcpy</name>
         <load_address>0x4134</load_address>
         <run_address>0x4134</run_address>
         <size>0x14</size>
         <input_file_ref idref="fl-102"/>
      </object_component>
      <object_component id="oc-218">
         <name>.text:strlen</name>
         <load_address>0x4148</load_address>
         <run_address>0x4148</run_address>
         <size>0x14</size>
         <input_file_ref idref="fl-e4"/>
      </object_component>
      <object_component id="oc-24d">
         <name>.text:wcslen</name>
         <load_address>0x415c</load_address>
         <run_address>0x415c</run_address>
         <size>0x12</size>
         <input_file_ref idref="fl-cd"/>
      </object_component>
      <object_component id="oc-1d">
         <name>.text:decompress:none:__TI_decompress_none</name>
         <load_address>0x416e</load_address>
         <run_address>0x416e</run_address>
         <size>0xe</size>
         <input_file_ref idref="fl-d8"/>
      </object_component>
      <object_component id="oc-6a">
         <name>.text</name>
         <load_address>0x417c</load_address>
         <run_address>0x417c</run_address>
         <size>0xe</size>
         <input_file_ref idref="fl-9"/>
      </object_component>
      <object_component id="oc-253">
         <name>.text:__aeabi_errno_addr</name>
         <load_address>0x418c</load_address>
         <run_address>0x418c</run_address>
         <size>0x8</size>
         <input_file_ref idref="fl-e5"/>
      </object_component>
      <object_component id="oc-1f5">
         <name>.text:malloc</name>
         <load_address>0x4194</load_address>
         <run_address>0x4194</run_address>
         <size>0x8</size>
         <input_file_ref idref="fl-e2"/>
      </object_component>
      <object_component id="oc-189">
         <name>.text:_outc</name>
         <load_address>0x419c</load_address>
         <run_address>0x419c</run_address>
         <size>0x4</size>
         <input_file_ref idref="fl-c4"/>
      </object_component>
      <object_component id="oc-183">
         <name>.text:_outs</name>
         <load_address>0x41a0</load_address>
         <run_address>0x41a0</run_address>
         <size>0x4</size>
         <input_file_ref idref="fl-c4"/>
      </object_component>
      <object_component id="oc-94">
         <name>.text:_system_pre_init</name>
         <load_address>0x41a4</load_address>
         <run_address>0x41a4</run_address>
         <size>0x4</size>
         <input_file_ref idref="fl-f2"/>
      </object_component>
      <object_component id="oc-fd">
         <name>.text:abort:abort</name>
         <load_address>0x41a8</load_address>
         <run_address>0x41a8</run_address>
         <size>0x4</size>
         <input_file_ref idref="fl-da"/>
      </object_component>
      <object_component id="oc-31c">
         <name>.const:.string:_ctypes_</name>
         <load_address>0x41ac</load_address>
         <run_address>0x41ac</run_address>
         <size>0x101</size>
         <input_file_ref idref="fl-de"/>
      </object_component>
      <object_component id="oc-16e">
         <name>.const:$P$T0$1</name>
         <load_address>0x42b0</load_address>
         <run_address>0x42b0</run_address>
         <size>0x20</size>
         <input_file_ref idref="fl-6"/>
      </object_component>
      <object_component id="oc-4dc">
         <name>.cinit..data.load</name>
         <load_address>0x42d0</load_address>
         <run_address>0x42d0</run_address>
         <size>0x77</size>
      </object_component>
      <object_component id="oc-4da">
         <name>__TI_handler_table</name>
         <load_address>0x4348</load_address>
         <run_address>0x4348</run_address>
         <size>0xc</size>
      </object_component>
      <object_component id="oc-4dd">
         <name>.cinit..bss.load</name>
         <load_address>0x4358</load_address>
         <run_address>0x4358</run_address>
         <size>0x8</size>
      </object_component>
      <object_component id="oc-4db">
         <name>__TI_cinit_table</name>
         <load_address>0x4360</load_address>
         <run_address>0x4360</run_address>
         <size>0x10</size>
      </object_component>
      <object_component id="oc-4ae">
         <name>.binit</name>
         <load_address>0x0</load_address>
         <run_address>0x0</run_address>
         <size>0x0</size>
      </object_component>
      <object_component id="oc-16a">
         <name>.data</name>
         <load_address>0x200005b8</load_address>
         <run_address>0x200005b8</run_address>
         <size>0x18</size>
         <input_file_ref idref="fl-2"/>
      </object_component>
      <object_component id="oc-f4">
         <name>.data</name>
         <load_address>0x200005fc</load_address>
         <run_address>0x200005fc</run_address>
         <size>0x4</size>
         <input_file_ref idref="fl-8"/>
      </object_component>
      <object_component id="oc-13b">
         <name>.data</name>
         <load_address>0x20000610</load_address>
         <run_address>0x20000610</run_address>
         <size>0x4</size>
         <input_file_ref idref="fl-a"/>
      </object_component>
      <object_component id="oc-1e2">
         <name>.data</name>
         <load_address>0x20000608</load_address>
         <run_address>0x20000608</run_address>
         <size>0x4</size>
         <input_file_ref idref="fl-c6"/>
      </object_component>
      <object_component id="oc-199">
         <name>.data:$O1$$</name>
         <load_address>0x200005e0</load_address>
         <run_address>0x200005e0</run_address>
         <size>0xc</size>
         <input_file_ref idref="fl-da"/>
      </object_component>
      <object_component id="oc-180">
         <name>.data:$O1$$</name>
         <load_address>0x200005ec</load_address>
         <run_address>0x200005ec</run_address>
         <size>0x8</size>
         <input_file_ref idref="fl-db"/>
      </object_component>
      <object_component id="oc-161">
         <name>.data:_ftable</name>
         <load_address>0x20000400</load_address>
         <run_address>0x20000400</run_address>
         <size>0xf0</size>
         <input_file_ref idref="fl-df"/>
      </object_component>
      <object_component id="oc-1e3">
         <name>.data</name>
         <load_address>0x200005d0</load_address>
         <run_address>0x200005d0</run_address>
         <size>0x10</size>
         <input_file_ref idref="fl-df"/>
      </object_component>
      <object_component id="oc-403">
         <name>.data:$O1$$</name>
         <load_address>0x200005f4</load_address>
         <run_address>0x200005f4</run_address>
         <size>0x8</size>
         <input_file_ref idref="fl-e2"/>
      </object_component>
      <object_component id="oc-383">
         <name>.data</name>
         <load_address>0x20000604</load_address>
         <run_address>0x20000604</run_address>
         <size>0x4</size>
         <input_file_ref idref="fl-e5"/>
      </object_component>
      <object_component id="oc-1d7">
         <name>.data:_device</name>
         <load_address>0x200004f0</load_address>
         <run_address>0x200004f0</run_address>
         <size>0x78</size>
         <input_file_ref idref="fl-e8"/>
      </object_component>
      <object_component id="oc-3f6">
         <name>.data:_stream</name>
         <load_address>0x20000568</load_address>
         <run_address>0x20000568</run_address>
         <size>0x50</size>
         <input_file_ref idref="fl-e8"/>
      </object_component>
      <object_component id="oc-3f5">
         <name>.data</name>
         <load_address>0x2000060c</load_address>
         <run_address>0x2000060c</run_address>
         <size>0x4</size>
         <input_file_ref idref="fl-e9"/>
      </object_component>
      <object_component id="oc-1d6">
         <name>.data</name>
         <load_address>0x20000600</load_address>
         <run_address>0x20000600</run_address>
         <size>0x4</size>
         <input_file_ref idref="fl-ea"/>
      </object_component>
      <object_component id="oc-45e">
         <name>.bss:_CIOBUF_</name>
         <uninitialized>true</uninitialized>
         <run_address>0x20000614</run_address>
         <size>0x120</size>
         <input_file_ref idref="fl-fe"/>
      </object_component>
      <object_component id="oc-148">
         <name>.common:Messageindexb</name>
         <uninitialized>true</uninitialized>
         <run_address>0x200007e4</run_address>
         <size>0x4</size>
      </object_component>
      <object_component id="oc-145">
         <name>.common:Messageb</name>
         <uninitialized>true</uninitialized>
         <run_address>0x200007d4</run_address>
         <size>0x8</size>
      </object_component>
      <object_component id="oc-2fd">
         <name>.common:__TI_tmpnams</name>
         <uninitialized>true</uninitialized>
         <run_address>0x20000734</run_address>
         <size>0xa0</size>
      </object_component>
      <object_component id="oc-3d2">
         <name>.common:parmbuf</name>
         <uninitialized>true</uninitialized>
         <run_address>0x200007dc</run_address>
         <size>0x8</size>
      </object_component>
      <object_component id="oc-29">
         <name>.sysmem</name>
         <uninitialized>true</uninitialized>
         <run_address>0x20000000</run_address>
         <size>0x10</size>
         <input_file_ref idref="fl-e2"/>
      </object_component>
      <object_component id="oc-4e0">
         <name>.sysmem</name>
         <uninitialized>true</uninitialized>
         <run_address>0x20000000</run_address>
         <size>0x0</size>
      </object_component>
      <object_component id="oc-2c">
         <name>.stack</name>
         <uninitialized>true</uninitialized>
         <run_address>0x2000fe00</run_address>
         <size>0x4</size>
         <input_file_ref idref="fl-e6"/>
      </object_component>
      <object_component id="oc-4df">
         <name>.stack</name>
         <uninitialized>true</uninitialized>
         <run_address>0x2000fe00</run_address>
         <size>0x0</size>
      </object_component>
      <object_component id="oc-144">
         <name>.debug_info</name>
         <load_address>0x0</load_address>
         <run_address>0x0</run_address>
         <size>0x51f</size>
         <input_file_ref idref="fl-2"/>
      </object_component>
      <object_component id="oc-16b">
         <name>.debug_info</name>
         <load_address>0x51f</load_address>
         <run_address>0x51f</run_address>
         <size>0x17b</size>
         <input_file_ref idref="fl-2"/>
      </object_component>
      <object_component id="oc-e0">
         <name>.debug_info</name>
         <load_address>0x69a</load_address>
         <run_address>0x69a</run_address>
         <size>0x35d</size>
         <input_file_ref idref="fl-2"/>
      </object_component>
      <object_component id="oc-1b9">
         <name>.debug_info</name>
         <load_address>0x9f7</load_address>
         <run_address>0x9f7</run_address>
         <size>0x37e2</size>
         <input_file_ref idref="fl-2"/>
      </object_component>
      <object_component id="oc-b5">
         <name>.debug_info</name>
         <load_address>0x41d9</load_address>
         <run_address>0x41d9</run_address>
         <size>0x26b</size>
         <input_file_ref idref="fl-2"/>
      </object_component>
      <object_component id="oc-1be">
         <name>.debug_info</name>
         <load_address>0x4444</load_address>
         <run_address>0x4444</run_address>
         <size>0x1055</size>
         <input_file_ref idref="fl-2"/>
      </object_component>
      <object_component id="oc-35">
         <name>.debug_info</name>
         <load_address>0x5499</load_address>
         <run_address>0x5499</run_address>
         <size>0x84</size>
         <input_file_ref idref="fl-2"/>
      </object_component>
      <object_component id="oc-13f">
         <name>.debug_info</name>
         <load_address>0x551d</load_address>
         <run_address>0x551d</run_address>
         <size>0x2a4</size>
         <input_file_ref idref="fl-2"/>
      </object_component>
      <object_component id="oc-f8">
         <name>.debug_info</name>
         <load_address>0x57c1</load_address>
         <run_address>0x57c1</run_address>
         <size>0xbb</size>
         <input_file_ref idref="fl-2"/>
      </object_component>
      <object_component id="oc-29b">
         <name>.debug_info</name>
         <load_address>0x587c</load_address>
         <run_address>0x587c</run_address>
         <size>0x61f</size>
         <input_file_ref idref="fl-3"/>
      </object_component>
      <object_component id="oc-1c5">
         <name>.debug_info</name>
         <load_address>0x5e9b</load_address>
         <run_address>0x5e9b</run_address>
         <size>0xcc</size>
         <input_file_ref idref="fl-3"/>
      </object_component>
      <object_component id="oc-191">
         <name>.debug_info</name>
         <load_address>0x5f67</load_address>
         <run_address>0x5f67</run_address>
         <size>0x2c</size>
         <input_file_ref idref="fl-3"/>
      </object_component>
      <object_component id="oc-3bb">
         <name>.debug_info</name>
         <load_address>0x5f93</load_address>
         <run_address>0x5f93</run_address>
         <size>0x35</size>
         <input_file_ref idref="fl-3"/>
      </object_component>
      <object_component id="oc-ec">
         <name>.debug_info</name>
         <load_address>0x5fc8</load_address>
         <run_address>0x5fc8</run_address>
         <size>0x545</size>
         <input_file_ref idref="fl-4"/>
      </object_component>
      <object_component id="oc-175">
         <name>.debug_info</name>
         <load_address>0x650d</load_address>
         <run_address>0x650d</run_address>
         <size>0x56c</size>
         <input_file_ref idref="fl-5"/>
      </object_component>
      <object_component id="oc-172">
         <name>.debug_info</name>
         <load_address>0x6a79</load_address>
         <run_address>0x6a79</run_address>
         <size>0x597</size>
         <input_file_ref idref="fl-6"/>
      </object_component>
      <object_component id="oc-16f">
         <name>.debug_info</name>
         <load_address>0x7010</load_address>
         <run_address>0x7010</run_address>
         <size>0xcb</size>
         <input_file_ref idref="fl-6"/>
      </object_component>
      <object_component id="oc-e6">
         <name>.debug_info</name>
         <load_address>0x70db</load_address>
         <run_address>0x70db</run_address>
         <size>0x5b1</size>
         <input_file_ref idref="fl-6"/>
      </object_component>
      <object_component id="oc-212">
         <name>.debug_info</name>
         <load_address>0x768c</load_address>
         <run_address>0x768c</run_address>
         <size>0x37e2</size>
         <input_file_ref idref="fl-6"/>
      </object_component>
      <object_component id="oc-146">
         <name>.debug_info</name>
         <load_address>0xae6e</load_address>
         <run_address>0xae6e</run_address>
         <size>0x76c</size>
         <input_file_ref idref="fl-7"/>
      </object_component>
      <object_component id="oc-d8">
         <name>.debug_info</name>
         <load_address>0xb5da</load_address>
         <run_address>0xb5da</run_address>
         <size>0x1700</size>
         <input_file_ref idref="fl-7"/>
      </object_component>
      <object_component id="oc-165">
         <name>.debug_info</name>
         <load_address>0xccda</load_address>
         <run_address>0xccda</run_address>
         <size>0x2c</size>
         <input_file_ref idref="fl-7"/>
      </object_component>
      <object_component id="oc-f5">
         <name>.debug_info</name>
         <load_address>0xcd06</load_address>
         <run_address>0xcd06</run_address>
         <size>0xb9</size>
         <input_file_ref idref="fl-8"/>
      </object_component>
      <object_component id="oc-9c">
         <name>.debug_info</name>
         <load_address>0xcdbf</load_address>
         <run_address>0xcdbf</run_address>
         <size>0x3e6</size>
         <input_file_ref idref="fl-8"/>
      </object_component>
      <object_component id="oc-72">
         <name>.debug_info</name>
         <load_address>0xd1a5</load_address>
         <run_address>0xd1a5</run_address>
         <size>0x2ab</size>
         <input_file_ref idref="fl-9"/>
      </object_component>
      <object_component id="oc-27">
         <name>.debug_info</name>
         <load_address>0xd450</load_address>
         <run_address>0xd450</run_address>
         <size>0xd7</size>
         <input_file_ref idref="fl-9"/>
      </object_component>
      <object_component id="oc-6e">
         <name>.debug_info</name>
         <load_address>0xd527</load_address>
         <run_address>0xd527</run_address>
         <size>0x19e</size>
         <input_file_ref idref="fl-9"/>
      </object_component>
      <object_component id="oc-13c">
         <name>.debug_info</name>
         <load_address>0xd6c5</load_address>
         <run_address>0xd6c5</run_address>
         <size>0xd0</size>
         <input_file_ref idref="fl-a"/>
      </object_component>
      <object_component id="oc-ae">
         <name>.debug_info</name>
         <load_address>0xd795</load_address>
         <run_address>0xd795</run_address>
         <size>0x242</size>
         <input_file_ref idref="fl-a"/>
      </object_component>
      <object_component id="oc-190">
         <name>.debug_info</name>
         <load_address>0xd9d7</load_address>
         <run_address>0xd9d7</run_address>
         <size>0x3e5</size>
         <input_file_ref idref="fl-c4"/>
      </object_component>
      <object_component id="oc-18a">
         <name>.debug_info</name>
         <load_address>0xddbc</load_address>
         <run_address>0xddbc</run_address>
         <size>0x157</size>
         <input_file_ref idref="fl-c4"/>
      </object_component>
      <object_component id="oc-185">
         <name>.debug_info</name>
         <load_address>0xdf13</load_address>
         <run_address>0xdf13</run_address>
         <size>0x166</size>
         <input_file_ref idref="fl-c4"/>
      </object_component>
      <object_component id="oc-f0">
         <name>.debug_info</name>
         <load_address>0xe079</load_address>
         <run_address>0xe079</run_address>
         <size>0x1ac</size>
         <input_file_ref idref="fl-c4"/>
      </object_component>
      <object_component id="oc-27f">
         <name>.debug_info</name>
         <load_address>0xe225</load_address>
         <run_address>0xe225</run_address>
         <size>0xb2</size>
         <input_file_ref idref="fl-c4"/>
      </object_component>
      <object_component id="oc-25a">
         <name>.debug_info</name>
         <load_address>0xe2d7</load_address>
         <run_address>0xe2d7</run_address>
         <size>0x590</size>
         <input_file_ref idref="fl-c5"/>
      </object_component>
      <object_component id="oc-226">
         <name>.debug_info</name>
         <load_address>0xe867</load_address>
         <run_address>0xe867</run_address>
         <size>0x21e</size>
         <input_file_ref idref="fl-c5"/>
      </object_component>
      <object_component id="oc-34e">
         <name>.debug_info</name>
         <load_address>0xea85</load_address>
         <run_address>0xea85</run_address>
         <size>0x1b3</size>
         <input_file_ref idref="fl-c5"/>
      </object_component>
      <object_component id="oc-354">
         <name>.debug_info</name>
         <load_address>0xec38</load_address>
         <run_address>0xec38</run_address>
         <size>0x21b</size>
         <input_file_ref idref="fl-c5"/>
      </object_component>
      <object_component id="oc-231">
         <name>.debug_info</name>
         <load_address>0xee53</load_address>
         <run_address>0xee53</run_address>
         <size>0x3c0</size>
         <input_file_ref idref="fl-c5"/>
      </object_component>
      <object_component id="oc-35b">
         <name>.debug_info</name>
         <load_address>0xf213</load_address>
         <run_address>0xf213</run_address>
         <size>0x30a</size>
         <input_file_ref idref="fl-c5"/>
      </object_component>
      <object_component id="oc-361">
         <name>.debug_info</name>
         <load_address>0xf51d</load_address>
         <run_address>0xf51d</run_address>
         <size>0x215</size>
         <input_file_ref idref="fl-c5"/>
      </object_component>
      <object_component id="oc-237">
         <name>.debug_info</name>
         <load_address>0xf732</load_address>
         <run_address>0xf732</run_address>
         <size>0x215</size>
         <input_file_ref idref="fl-c5"/>
      </object_component>
      <object_component id="oc-23d">
         <name>.debug_info</name>
         <load_address>0xf947</load_address>
         <run_address>0xf947</run_address>
         <size>0x304</size>
         <input_file_ref idref="fl-c5"/>
      </object_component>
      <object_component id="oc-243">
         <name>.debug_info</name>
         <load_address>0xfc4b</load_address>
         <run_address>0xfc4b</run_address>
         <size>0x4b5</size>
         <input_file_ref idref="fl-c5"/>
      </object_component>
      <object_component id="oc-17c">
         <name>.debug_info</name>
         <load_address>0x10100</load_address>
         <run_address>0x10100</run_address>
         <size>0x5f4</size>
         <input_file_ref idref="fl-c5"/>
      </object_component>
      <object_component id="oc-25b">
         <name>.debug_info</name>
         <load_address>0x106f4</load_address>
         <run_address>0x106f4</run_address>
         <size>0x86</size>
         <input_file_ref idref="fl-c5"/>
      </object_component>
      <object_component id="oc-38a">
         <name>.debug_info</name>
         <load_address>0x1077a</load_address>
         <run_address>0x1077a</run_address>
         <size>0x39</size>
         <input_file_ref idref="fl-c5"/>
      </object_component>
      <object_component id="oc-448">
         <name>.debug_info</name>
         <load_address>0x107b3</load_address>
         <run_address>0x107b3</run_address>
         <size>0xb6</size>
         <input_file_ref idref="fl-c5"/>
      </object_component>
      <object_component id="oc-38f">
         <name>.debug_info</name>
         <load_address>0x10869</load_address>
         <run_address>0x10869</run_address>
         <size>0x46</size>
         <input_file_ref idref="fl-c5"/>
      </object_component>
      <object_component id="oc-260">
         <name>.debug_info</name>
         <load_address>0x108af</load_address>
         <run_address>0x108af</run_address>
         <size>0x46</size>
         <input_file_ref idref="fl-c5"/>
      </object_component>
      <object_component id="oc-2d6">
         <name>.debug_info</name>
         <load_address>0x108f5</load_address>
         <run_address>0x108f5</run_address>
         <size>0x2c</size>
         <input_file_ref idref="fl-c5"/>
      </object_component>
      <object_component id="oc-1e7">
         <name>.debug_info</name>
         <load_address>0x10921</load_address>
         <run_address>0x10921</run_address>
         <size>0x3f5</size>
         <input_file_ref idref="fl-c6"/>
      </object_component>
      <object_component id="oc-1de">
         <name>.debug_info</name>
         <load_address>0x10d16</load_address>
         <run_address>0x10d16</run_address>
         <size>0x20e</size>
         <input_file_ref idref="fl-c6"/>
      </object_component>
      <object_component id="oc-1fd">
         <name>.debug_info</name>
         <load_address>0x10f24</load_address>
         <run_address>0x10f24</run_address>
         <size>0x176</size>
         <input_file_ref idref="fl-c6"/>
      </object_component>
      <object_component id="oc-158">
         <name>.debug_info</name>
         <load_address>0x1109a</load_address>
         <run_address>0x1109a</run_address>
         <size>0x1e4</size>
         <input_file_ref idref="fl-c6"/>
      </object_component>
      <object_component id="oc-152">
         <name>.debug_info</name>
         <load_address>0x1127e</load_address>
         <run_address>0x1127e</run_address>
         <size>0x1cd</size>
         <input_file_ref idref="fl-c6"/>
      </object_component>
      <object_component id="oc-bc">
         <name>.debug_info</name>
         <load_address>0x1144b</load_address>
         <run_address>0x1144b</run_address>
         <size>0x2c</size>
         <input_file_ref idref="fl-c6"/>
      </object_component>
      <object_component id="oc-3ac">
         <name>.debug_info</name>
         <load_address>0x11477</load_address>
         <run_address>0x11477</run_address>
         <size>0x383</size>
         <input_file_ref idref="fl-c7"/>
      </object_component>
      <object_component id="oc-277">
         <name>.debug_info</name>
         <load_address>0x117fa</load_address>
         <run_address>0x117fa</run_address>
         <size>0x1ea</size>
         <input_file_ref idref="fl-c7"/>
      </object_component>
      <object_component id="oc-3aa">
         <name>.debug_info</name>
         <load_address>0x119e4</load_address>
         <run_address>0x119e4</run_address>
         <size>0x3fc</size>
         <input_file_ref idref="fl-c8"/>
      </object_component>
      <object_component id="oc-273">
         <name>.debug_info</name>
         <load_address>0x11de0</load_address>
         <run_address>0x11de0</run_address>
         <size>0x2e2</size>
         <input_file_ref idref="fl-c8"/>
      </object_component>
      <object_component id="oc-cd">
         <name>.debug_info</name>
         <load_address>0x120c2</load_address>
         <run_address>0x120c2</run_address>
         <size>0x2c</size>
         <input_file_ref idref="fl-c8"/>
      </object_component>
      <object_component id="oc-317">
         <name>.debug_info</name>
         <load_address>0x120ee</load_address>
         <run_address>0x120ee</run_address>
         <size>0x300</size>
         <input_file_ref idref="fl-c9"/>
      </object_component>
      <object_component id="oc-399">
         <name>.debug_info</name>
         <load_address>0x123ee</load_address>
         <run_address>0x123ee</run_address>
         <size>0x19c</size>
         <input_file_ref idref="fl-c9"/>
      </object_component>
      <object_component id="oc-203">
         <name>.debug_info</name>
         <load_address>0x1258a</load_address>
         <run_address>0x1258a</run_address>
         <size>0xbf</size>
         <input_file_ref idref="fl-c9"/>
      </object_component>
      <object_component id="oc-202">
         <name>.debug_info</name>
         <load_address>0x12649</load_address>
         <run_address>0x12649</run_address>
         <size>0x374</size>
         <input_file_ref idref="fl-ca"/>
      </object_component>
      <object_component id="oc-15d">
         <name>.debug_info</name>
         <load_address>0x129bd</load_address>
         <run_address>0x129bd</run_address>
         <size>0x20b</size>
         <input_file_ref idref="fl-ca"/>
      </object_component>
      <object_component id="oc-42b">
         <name>.debug_info</name>
         <load_address>0x12bc8</load_address>
         <run_address>0x12bc8</run_address>
         <size>0x295</size>
         <input_file_ref idref="fl-cb"/>
      </object_component>
      <object_component id="oc-369">
         <name>.debug_info</name>
         <load_address>0x12e5d</load_address>
         <run_address>0x12e5d</run_address>
         <size>0x195</size>
         <input_file_ref idref="fl-cb"/>
      </object_component>
      <object_component id="oc-489">
         <name>.debug_info</name>
         <load_address>0x12ff2</load_address>
         <run_address>0x12ff2</run_address>
         <size>0x39</size>
         <input_file_ref idref="fl-cb"/>
      </object_component>
      <object_component id="oc-42c">
         <name>.debug_info</name>
         <load_address>0x1302b</load_address>
         <run_address>0x1302b</run_address>
         <size>0x2c</size>
         <input_file_ref idref="fl-cb"/>
      </object_component>
      <object_component id="oc-438">
         <name>.debug_info</name>
         <load_address>0x13057</load_address>
         <run_address>0x13057</run_address>
         <size>0x2f8</size>
         <input_file_ref idref="fl-cc"/>
      </object_component>
      <object_component id="oc-36e">
         <name>.debug_info</name>
         <load_address>0x1334f</load_address>
         <run_address>0x1334f</run_address>
         <size>0x225</size>
         <input_file_ref idref="fl-cc"/>
      </object_component>
      <object_component id="oc-382">
         <name>.debug_info</name>
         <load_address>0x13574</load_address>
         <run_address>0x13574</run_address>
         <size>0x28f</size>
         <input_file_ref idref="fl-cd"/>
      </object_component>
      <object_component id="oc-24e">
         <name>.debug_info</name>
         <load_address>0x13803</load_address>
         <run_address>0x13803</run_address>
         <size>0x15a</size>
         <input_file_ref idref="fl-cd"/>
      </object_component>
      <object_component id="oc-43d">
         <name>.debug_info</name>
         <load_address>0x1395d</load_address>
         <run_address>0x1395d</run_address>
         <size>0x46</size>
         <input_file_ref idref="fl-cd"/>
      </object_component>
      <object_component id="oc-37d">
         <name>.debug_info</name>
         <load_address>0x139a3</load_address>
         <run_address>0x139a3</run_address>
         <size>0x39</size>
         <input_file_ref idref="fl-cd"/>
      </object_component>
      <object_component id="oc-349">
         <name>.debug_info</name>
         <load_address>0x139dc</load_address>
         <run_address>0x139dc</run_address>
         <size>0x14c</size>
         <input_file_ref idref="fl-ce"/>
      </object_component>
      <object_component id="oc-22b">
         <name>.debug_info</name>
         <load_address>0x13b28</load_address>
         <run_address>0x13b28</run_address>
         <size>0x128</size>
         <input_file_ref idref="fl-cf"/>
      </object_component>
      <object_component id="oc-335">
         <name>.debug_info</name>
         <load_address>0x13c50</load_address>
         <run_address>0x13c50</run_address>
         <size>0x12a</size>
         <input_file_ref idref="fl-cf"/>
      </object_component>
      <object_component id="oc-32f">
         <name>.debug_info</name>
         <load_address>0x13d7a</load_address>
         <run_address>0x13d7a</run_address>
         <size>0x13a</size>
         <input_file_ref idref="fl-d0"/>
      </object_component>
      <object_component id="oc-32a">
         <name>.debug_info</name>
         <load_address>0x13eb4</load_address>
         <run_address>0x13eb4</run_address>
         <size>0x13a</size>
         <input_file_ref idref="fl-d1"/>
      </object_component>
      <object_component id="oc-339">
         <name>.debug_info</name>
         <load_address>0x13fee</load_address>
         <run_address>0x13fee</run_address>
         <size>0x12e</size>
         <input_file_ref idref="fl-d2"/>
      </object_component>
      <object_component id="oc-345">
         <name>.debug_info</name>
         <load_address>0x1411c</load_address>
         <run_address>0x1411c</run_address>
         <size>0x12c</size>
         <input_file_ref idref="fl-d3"/>
      </object_component>
      <object_component id="oc-3d">
         <name>.debug_info</name>
         <load_address>0x14248</load_address>
         <run_address>0x14248</run_address>
         <size>0x119</size>
         <input_file_ref idref="fl-d4"/>
      </object_component>
      <object_component id="oc-322">
         <name>.debug_info</name>
         <load_address>0x14361</load_address>
         <run_address>0x14361</run_address>
         <size>0x134</size>
         <input_file_ref idref="fl-d5"/>
      </object_component>
      <object_component id="oc-8f">
         <name>.debug_info</name>
         <load_address>0x14495</load_address>
         <run_address>0x14495</run_address>
         <size>0x147</size>
         <input_file_ref idref="fl-d6"/>
      </object_component>
      <object_component id="oc-8d">
         <name>.debug_info</name>
         <load_address>0x145dc</load_address>
         <run_address>0x145dc</run_address>
         <size>0x2d4</size>
         <input_file_ref idref="fl-d7"/>
      </object_component>
      <object_component id="oc-49">
         <name>.debug_info</name>
         <load_address>0x148b0</load_address>
         <run_address>0x148b0</run_address>
         <size>0x1d2</size>
         <input_file_ref idref="fl-d7"/>
      </object_component>
      <object_component id="oc-88">
         <name>.debug_info</name>
         <load_address>0x14a82</load_address>
         <run_address>0x14a82</run_address>
         <size>0x46</size>
         <input_file_ref idref="fl-d7"/>
      </object_component>
      <object_component id="oc-45">
         <name>.debug_info</name>
         <load_address>0x14ac8</load_address>
         <run_address>0x14ac8</run_address>
         <size>0x2a8</size>
         <input_file_ref idref="fl-d8"/>
      </object_component>
      <object_component id="oc-21">
         <name>.debug_info</name>
         <load_address>0x14d70</load_address>
         <run_address>0x14d70</run_address>
         <size>0x1ea</size>
         <input_file_ref idref="fl-d8"/>
      </object_component>
      <object_component id="oc-40">
         <name>.debug_info</name>
         <load_address>0x14f5a</load_address>
         <run_address>0x14f5a</run_address>
         <size>0x46</size>
         <input_file_ref idref="fl-d8"/>
      </object_component>
      <object_component id="oc-80">
         <name>.debug_info</name>
         <load_address>0x14fa0</load_address>
         <run_address>0x14fa0</run_address>
         <size>0x2c</size>
         <input_file_ref idref="fl-d8"/>
      </object_component>
      <object_component id="oc-7e">
         <name>.debug_info</name>
         <load_address>0x14fcc</load_address>
         <run_address>0x14fcc</run_address>
         <size>0x29e</size>
         <input_file_ref idref="fl-d9"/>
      </object_component>
      <object_component id="oc-18">
         <name>.debug_info</name>
         <load_address>0x1526a</load_address>
         <run_address>0x1526a</run_address>
         <size>0x250</size>
         <input_file_ref idref="fl-d9"/>
      </object_component>
      <object_component id="oc-30">
         <name>.debug_info</name>
         <load_address>0x154ba</load_address>
         <run_address>0x154ba</run_address>
         <size>0x60</size>
         <input_file_ref idref="fl-d9"/>
      </object_component>
      <object_component id="oc-c6">
         <name>.debug_info</name>
         <load_address>0x1551a</load_address>
         <run_address>0x1551a</run_address>
         <size>0x46</size>
         <input_file_ref idref="fl-d9"/>
      </object_component>
      <object_component id="oc-79">
         <name>.debug_info</name>
         <load_address>0x15560</load_address>
         <run_address>0x15560</run_address>
         <size>0x39</size>
         <input_file_ref idref="fl-d9"/>
      </object_component>
      <object_component id="oc-19d">
         <name>.debug_info</name>
         <load_address>0x15599</load_address>
         <run_address>0x15599</run_address>
         <size>0x3ad</size>
         <input_file_ref idref="fl-da"/>
      </object_component>
      <object_component id="oc-19a">
         <name>.debug_info</name>
         <load_address>0x15946</load_address>
         <run_address>0x15946</run_address>
         <size>0x190</size>
         <input_file_ref idref="fl-da"/>
      </object_component>
      <object_component id="oc-ff">
         <name>.debug_info</name>
         <load_address>0x15ad6</load_address>
         <run_address>0x15ad6</run_address>
         <size>0x122</size>
         <input_file_ref idref="fl-da"/>
      </object_component>
      <object_component id="oc-106">
         <name>.debug_info</name>
         <load_address>0x15bf8</load_address>
         <run_address>0x15bf8</run_address>
         <size>0x184</size>
         <input_file_ref idref="fl-da"/>
      </object_component>
      <object_component id="oc-26d">
         <name>.debug_info</name>
         <load_address>0x15d7c</load_address>
         <run_address>0x15d7c</run_address>
         <size>0x2c9</size>
         <input_file_ref idref="fl-db"/>
      </object_component>
      <object_component id="oc-181">
         <name>.debug_info</name>
         <load_address>0x16045</load_address>
         <run_address>0x16045</run_address>
         <size>0x11e</size>
         <input_file_ref idref="fl-db"/>
      </object_component>
      <object_component id="oc-267">
         <name>.debug_info</name>
         <load_address>0x16163</load_address>
         <run_address>0x16163</run_address>
         <size>0x12e</size>
         <input_file_ref idref="fl-db"/>
      </object_component>
      <object_component id="oc-423">
         <name>.debug_info</name>
         <load_address>0x16291</load_address>
         <run_address>0x16291</run_address>
         <size>0x29c</size>
         <input_file_ref idref="fl-dc"/>
      </object_component>
      <object_component id="oc-33d">
         <name>.debug_info</name>
         <load_address>0x1652d</load_address>
         <run_address>0x1652d</run_address>
         <size>0x1da</size>
         <input_file_ref idref="fl-dc"/>
      </object_component>
      <object_component id="oc-320">
         <name>.debug_info</name>
         <load_address>0x16707</load_address>
         <run_address>0x16707</run_address>
         <size>0x2b9</size>
         <input_file_ref idref="fl-dd"/>
      </object_component>
      <object_component id="oc-222">
         <name>.debug_info</name>
         <load_address>0x169c0</load_address>
         <run_address>0x169c0</run_address>
         <size>0x17c</size>
         <input_file_ref idref="fl-dd"/>
      </object_component>
      <object_component id="oc-415">
         <name>.debug_info</name>
         <load_address>0x16b3c</load_address>
         <run_address>0x16b3c</run_address>
         <size>0xf9</size>
         <input_file_ref idref="fl-de"/>
      </object_component>
      <object_component id="oc-31d">
         <name>.debug_info</name>
         <load_address>0x16c35</load_address>
         <run_address>0x16c35</run_address>
         <size>0x105</size>
         <input_file_ref idref="fl-de"/>
      </object_component>
      <object_component id="oc-20a">
         <name>.debug_info</name>
         <load_address>0x16d3a</load_address>
         <run_address>0x16d3a</run_address>
         <size>0x144</size>
         <input_file_ref idref="fl-df"/>
      </object_component>
      <object_component id="oc-162">
         <name>.debug_info</name>
         <load_address>0x16e7e</load_address>
         <run_address>0x16e7e</run_address>
         <size>0x102</size>
         <input_file_ref idref="fl-df"/>
      </object_component>
      <object_component id="oc-1e4">
         <name>.debug_info</name>
         <load_address>0x16f80</load_address>
         <run_address>0x16f80</run_address>
         <size>0x18f</size>
         <input_file_ref idref="fl-df"/>
      </object_component>
      <object_component id="oc-37b">
         <name>.debug_info</name>
[...]
      <symbol id="sm-548">
         <name>__aeabi_cdrcmple</name>
         <value>0x342f</value>
         <object_component_ref idref="oc-332"/>
      </symbol>
      <symbol id="sm-55c">
         <name>__aeabi_ddiv</name>
         <value>0x25d9</value>
         <object_component_ref idref="oc-32d"/>
      </symbol>
      <symbol id="sm-567">
         <name>__aeabi_dmul</name>
         <value>0x2c69</value>
         <object_component_ref idref="oc-328"/>
      </symbol>
      <symbol id="sm-571">
         <name>__aeabi_d2iz</name>
         <value>0x3c9d</value>
         <object_component_ref idref="oc-337"/>
      </symbol>
      <symbol id="sm-57b">
         <name>__aeabi_i2d</name>
         <value>0x3fa5</value>
         <object_component_ref idref="oc-342"/>
      </symbol>
      <symbol id="sm-596">
         <name>memcpy</name>
         <value>0x31e9</value>
         <object_component_ref idref="oc-3a"/>
      </symbol>
      <symbol id="sm-597">
         <name>__aeabi_memcpy</name>
         <value>0x31e9</value>
         <object_component_ref idref="oc-3a"/>
      </symbol>
      <symbol id="sm-598">
         <name>__aeabi_memcpy8</name>
         <value>0x31e9</value>
         <object_component_ref idref="oc-3a"/>
      </symbol>
      <symbol id="sm-599">
         <name>__aeabi_memcpy4</name>
         <value>0x31e9</value>
         <object_component_ref idref="oc-3a"/>
      </symbol>
      <symbol id="sm-5a6">
         <name>__aeabi_uldivmod</name>
         <value>0x3285</value>
         <object_component_ref idref="oc-321"/>
      </symbol>
      <symbol id="sm-5b5">
         <name>__aeabi_memset</name>
         <value>0x34b7</value>
         <object_component_ref idref="oc-8e"/>
      </symbol>
      <symbol id="sm-5b6">
         <name>memset</name>
         <value>0x34bd</value>
         <object_component_ref idref="oc-8e"/>
      </symbol>
      <symbol id="sm-5b7">
         <name>__aeabi_memset8</name>
         <value>0x34b7</value>
         <object_component_ref idref="oc-8e"/>
      </symbol>
      <symbol id="sm-5b8">
         <name>__aeabi_memset4</name>
         <value>0x34b7</value>
         <object_component_ref idref="oc-8e"/>
      </symbol>
      <symbol id="sm-5b9">
         <name>__aeabi_memclr8</name>
         <value>0x34b5</value>
         <object_component_ref idref="oc-8e"/>
      </symbol>
      <symbol id="sm-5ba">
         <name>__aeabi_memclr4</name>
         <value>0x34b5</value>
         <object_component_ref idref="oc-8e"/>
      </symbol>
      <symbol id="sm-5bb">
         <name>__aeabi_memclr</name>
         <value>0x34b5</value>
         <object_component_ref idref="oc-8e"/>
      </symbol>
      <symbol id="sm-5cf">
         <name>__TI_zero_init_nomemset</name>
         <value>0x4099</value>
         <object_component_ref idref="oc-46"/>
      </symbol>
      <symbol id="sm-5e6">
         <name>__TI_decompress_none</name>
         <value>0x416f</value>
         <object_component_ref idref="oc-1d"/>
      </symbol>
      <symbol id="sm-609">
         <name>__TI_decompress_lzss</name>
         <value>0x3759</value>
         <object_component_ref idref="oc-17"/>
      </symbol>
      <symbol id="sm-62f">
         <name>C$$EXIT</name>
         <value>0x41a9</value>
         <object_component_ref idref="oc-fd"/>
      </symbol>
      <symbol id="sm-630">
         <name>abort</name>
         <value>0x41a9</value>
         <object_component_ref idref="oc-fd"/>
      </symbol>
      <symbol id="sm-631">
         <name>__TI_dtors_ptr</name>
         <value>0x200005e4</value>
         <object_component_ref idref="oc-199"/>
      </symbol>
      <symbol id="sm-632">
         <name>__TI_cleanup_ptr</name>
         <value>0x200005e0</value>
         <object_component_ref idref="oc-199"/>
      </symbol>
      <symbol id="sm-633">
         <name>__TI_enable_exit_profile_output</name>
         <value>0x200005e8</value>
         <object_component_ref idref="oc-199"/>
      </symbol>
      <symbol id="sm-634">
         <name>exit</name>
         <value>0x3c55</value>
         <object_component_ref idref="oc-103"/>
      </symbol>
      <symbol id="sm-649">
         <name>_nop</name>
         <value>0xb33</value>
         <object_component_ref idref="oc-265"/>
      </symbol>
      <symbol id="sm-64a">
         <name>_lock</name>
         <value>0x200005ec</value>
         <object_component_ref idref="oc-180"/>
      </symbol>
      <symbol id="sm-64b">
         <name>_unlock</name>
         <value>0x200005f0</value>
         <object_component_ref idref="oc-180"/>
      </symbol>
      <symbol id="sm-65a">
         <name>__TI_ltoa</name>
         <value>0x3b17</value>
         <object_component_ref idref="oc-33c"/>
      </symbol>
      <symbol id="sm-670">
         <name>atoi</name>
         <value>0x3c09</value>
         <object_component_ref idref="oc-21e"/>
      </symbol>
      <symbol id="sm-67b">
         <name>_ctypes_</name>
         <value>0x41ac</value>
         <object_component_ref idref="oc-31c"/>
      </symbol>
      <symbol id="sm-690">
         <name>__TI_tmpnams</name>
         <value>0x20000734</value>
      </symbol>
      <symbol id="sm-691">
         <name>__aeabi_stdout</name>
         <value>0x200005d8</value>
         <object_component_ref idref="oc-1e3"/>
      </symbol>
      <symbol id="sm-692">
         <name>__aeabi_stderr</name>
         <value>0x200005dc</value>
         <object_component_ref idref="oc-1e3"/>
      </symbol>
      <symbol id="sm-693">
         <name>__aeabi_stdin</name>
         <value>0x200005d4</value>
         <object_component_ref idref="oc-1e3"/>
      </symbol>
      <symbol id="sm-694">
         <name>_ftable</name>
         <value>0x20000400</value>
         <object_component_ref idref="oc-161"/>
      </symbol>
      <symbol id="sm-695">
         <name>__TI_ft_end</name>
         <value>0x200005d0</value>
         <object_component_ref idref="oc-1e3"/>
      </symbol>
      <symbol id="sm-6a5">
         <name>memccpy</name>
         <value>0x40d1</value>
         <object_component_ref idref="oc-247"/>
      </symbol>
      <symbol id="sm-6b5">
         <name>memchr</name>
         <value>0x4079</value>
         <object_component_ref idref="oc-39d"/>
      </symbol>
      <symbol id="sm-739">
         <name>_sys_memory</name>
         <value>0x20000000</value>
         <object_component_ref idref="oc-29"/>
      </symbol>
      <symbol id="sm-73a">
         <name>free</name>
         <value>0x2d65</value>
         <object_component_ref idref="oc-1ef"/>
      </symbol>
      <symbol id="sm-73b">
         <name>memalign</name>
         <value>0x2b69</value>
         <object_component_ref idref="oc-30d"/>
      </symbol>
      <symbol id="sm-73c">
         <name>malloc</name>
         <value>0x4195</value>
         <object_component_ref idref="oc-1f5"/>
      </symbol>
      <symbol id="sm-73d">
         <name>aligned_alloc</name>
         <value>0x2b69</value>
         <object_component_ref idref="oc-30d"/>
      </symbol>
      <symbol id="sm-74d">
         <name>strchr</name>
         <value>0x411f</value>
         <object_component_ref idref="oc-373"/>
      </symbol>
      <symbol id="sm-75b">
         <name>strlen</name>
         <value>0x4149</value>
         <object_component_ref idref="oc-218"/>
      </symbol>
      <symbol id="sm-771">
         <name>__aeabi_errno_addr</name>
         <value>0x418d</value>
         <object_component_ref idref="oc-253"/>
      </symbol>
      <symbol id="sm-772">
         <name>errno</name>
         <value>0x20000604</value>
         <object_component_ref idref="oc-383"/>
      </symbol>
      <symbol id="sm-785">
         <name>__stack</name>
         <value>0x2000fe00</value>
         <object_component_ref idref="oc-2c"/>
      </symbol>
      <symbol id="sm-786">
         <name>_c_int00_noargs</name>
         <value>0x3f0d</value>
         <object_component_ref idref="oc-58"/>
      </symbol>
      <symbol id="sm-79b">
         <name>write</name>
         <value>0x4051</value>
         <object_component_ref idref="oc-3a3"/>
      </symbol>
      <symbol id="sm-7ac">
         <name>_stream</name>
         <value>0x20000568</value>
         <object_component_ref idref="oc-3f6"/>
      </symbol>
      <symbol id="sm-7ad">
         <name>_device</name>
         <value>0x200004f0</value>
         <object_component_ref idref="oc-1d7"/>
      </symbol>
      <symbol id="sm-7ca">
         <name>open</name>
         <value>0x2f25</value>
         <object_component_ref idref="oc-2e0"/>
      </symbol>
      <symbol id="sm-7ea">
         <name>add_device</name>
         <value>0x2fe1</value>
         <object_component_ref idref="oc-149"/>
      </symbol>
      <symbol id="sm-7ff">
         <name>__TI_closefile</name>
         <value>0x3531</value>
         <object_component_ref idref="oc-1e8"/>
      </symbol>
      <symbol id="sm-80f">
         <name>__TI_doflush</name>
         <value>0x3bbd</value>
         <object_component_ref idref="oc-2eb"/>
      </symbol>
      <symbol id="sm-821">
         <name>fseek</name>
         <value>0x388d</value>
         <object_component_ref idref="oc-44d"/>
      </symbol>
      <symbol id="sm-83f">
         <name>finddevice</name>
         <value>0x3f75</value>
         <object_component_ref idref="oc-1ca"/>
      </symbol>
      <symbol id="sm-840">
         <name>getdevice</name>
         <value>0x3db1</value>
         <object_component_ref idref="oc-3ef"/>
      </symbol>
      <symbol id="sm-84a">
         <name>copysign</name>
         <value>0x40ed</value>
         <object_component_ref idref="oc-431"/>
      </symbol>
      <symbol id="sm-84b">
         <name>copysignl</name>
         <value>0x40ed</value>
         <object_component_ref idref="oc-431"/>
      </symbol>
      <symbol id="sm-855">
         <name>__aeabi_idiv0</name>
         <value>0x232f</value>
         <object_component_ref idref="oc-418"/>
      </symbol>
      <symbol id="sm-856">
         <name>__aeabi_ldiv0</name>
         <value>0x232f</value>
         <object_component_ref idref="oc-418"/>
      </symbol>
      <symbol id="sm-87e">
         <name>__TI_auto_init_nobinit_nopinit</name>
         <value>0x3d6d</value>
         <object_component_ref idref="oc-109"/>
      </symbol>
      <symbol id="sm-888">
         <name>_system_pre_init</name>
         <value>0x41a5</value>
         <object_component_ref idref="oc-94"/>
      </symbol>
      <symbol id="sm-899">
         <name>strcmp</name>
         <value>0x4107</value>
         <object_component_ref idref="oc-29d"/>
      </symbol>
      <symbol id="sm-8a9">
         <name>strncpy</name>
         <value>0x3e6d</value>
         <object_component_ref idref="oc-1d0"/>
      </symbol>
      <symbol id="sm-8ba">
         <name>HOSTclose</name>
         <value>0x3ce5</value>
         <object_component_ref idref="oc-2ad"/>
      </symbol>
      <symbol id="sm-8cb">
         <name>HOSTlseek</name>
         <value>0x36f1</value>
         <object_component_ref idref="oc-2bf"/>
      </symbol>
      <symbol id="sm-8dd">
         <name>parmbuf</name>
         <value>0x200007dc</value>
      </symbol>
      <symbol id="sm-8de">
         <name>HOSTopen</name>
         <value>0x3955</value>
         <object_component_ref idref="oc-2a7"/>
      </symbol>
      <symbol id="sm-8ef">
         <name>HOSTread</name>
         <value>0x3a11</value>
         <object_component_ref idref="oc-2b3"/>
      </symbol>
      <symbol id="sm-900">
         <name>HOSTrename</name>
         <value>0x3685</value>
         <object_component_ref idref="oc-2cb"/>
      </symbol>
      <symbol id="sm-911">
         <name>HOSTunlink</name>
         <value>0x3d29</value>
         <object_component_ref idref="oc-2c5"/>
      </symbol>
      <symbol id="sm-922">
         <name>HOSTwrite</name>
         <value>0x3a69</value>
         <object_component_ref idref="oc-2b9"/>
      </symbol>
      <symbol id="sm-946">
         <name>__TI_readmsg</name>
         <value>0x3ed9</value>
         <object_component_ref idref="oc-3cc"/>
      </symbol>
      <symbol id="sm-947">
         <name>C$$IO$$</name>
         <value>0x3e63</value>
         <object_component_ref idref="oc-3c6"/>
      </symbol>
      <symbol id="sm-948">
         <name>__CIOBUF_</name>
         <value>0x20000614</value>
         <object_component_ref idref="oc-45e"/>
      </symbol>
      <symbol id="sm-949">
         <name>__TI_writemsg</name>
         <value>0x3e35</value>
         <object_component_ref idref="oc-3c6"/>
      </symbol>
      <symbol id="sm-95a">
         <name>lseek</name>
         <value>0x4029</value>
         <object_component_ref idref="oc-493"/>
      </symbol>
      <symbol id="sm-96e">
         <name>close</name>
         <value>0x39b5</value>
         <object_component_ref idref="oc-2f1"/>
      </symbol>
      <symbol id="sm-97c">
         <name>strcpy</name>
         <value>0x4135</value>
         <object_component_ref idref="oc-3e0"/>
      </symbol>
      <symbol id="sm-98c">
         <name>unlink</name>
         <value>0x3fd5</value>
         <object_component_ref idref="oc-2f7"/>
      </symbol>
      <symbol id="sm-98d">
         <name>__TI_static_base__</name>
         <value>0x0</value>
      </symbol>
      <symbol id="sm-990">
         <name>__mpu_init</name>
         <value>0x0</value>
      </symbol>
      <symbol id="sm-991">
         <name>_system_post_cinit</name>
         <value>0x0</value>
      </symbol>
      <symbol id="sm-992">
         <name>NMI_Handler</name>
         <value>0x4189</value>
      </symbol>
      <symbol id="sm-993">
         <name>HardFault_Handler</name>
         <value>0x4189</value>
      </symbol>
      <symbol id="sm-994">
         <name>MemManage_Handler</name>
         <value>0x4189</value>
      </symbol>
      <symbol id="sm-995">
         <name>BusFault_Handler</name>
         <value>0x4189</value>
      </symbol>
      <symbol id="sm-996">
         <name>UsageFault_Handler</name>
         <value>0x4189</value>
      </symbol>
      <symbol id="sm-997">
         <name>SVC_Handler</name>
         <value>0x4189</value>
      </symbol>
      <symbol id="sm-998">
         <name>DebugMon_Handler</name>
         <value>0x4189</value>
      </symbol>
      <symbol id="sm-999">
         <name>PendSV_Handler</name>
         <value>0x4189</value>
      </symbol>
      <symbol id="sm-99a">
         <name>SysTick_Handler</name>
         <value>0x4189</value>
      </symbol>
      <symbol id="sm-99b">
         <name>PSS_IRQHandler</name>
         <value>0x4189</value>
      </symbol>
      <symbol id="sm-99c">
         <name>CS_IRQHandler</name>
         <value>0x4189</value>
      </symbol>
      <symbol id="sm-99d">
         <name>PCM_IRQHandler</name>
         <value>0x4189</value>
      </symbol>
      <symbol id="sm-99e">
         <name>WDT_A_IRQHandler</name>
         <value>0x4189</value>
      </symbol>
      <symbol id="sm-99f">
         <name>FPU_IRQHandler</name>
         <value>0x4189</value>
      </symbol>
      <symbol id="sm-9a0">
         <name>FLCTL_IRQHandler</name>
         <value>0x4189</value>
      </symbol>
      <symbol id="sm-9a1">
         <name>COMP_E0_IRQHandler</name>
         <value>0x4189</value>
      </symbol>
      <symbol id="sm-9a2">
         <name>COMP_E1_IRQHandler</name>
         <value>0x4189</value>
      </symbol>
      <symbol id="sm-9a3">
         <name>TA0_0_IRQHandler</name>
         <value>0x4189</value>
      </symbol>
      <symbol id="sm-9a4">
         <name>TA0_N_IRQHandler</name>
         <value>0x4189</value>
      </symbol>
      <symbol id="sm-9a5">
         <name>TA1_0_IRQHandler</name>
         <value>0x4189</value>
      </symbol>
      <symbol id="sm-9a6">
         <name>TA1_N_IRQHandler</name>
         <value>0x4189</value>
      </symbol>
      <symbol id="sm-9a7">
         <name>TA2_0_IRQHandler</name>
         <value>0x4189</value>
      </symbol>
      <symbol id="sm-9a8">
         <name>TA2_N_IRQHandler</name>
         <value>0x4189</value>
      </symbol>
      <symbol id="sm-9a9">
         <name>TA3_0_IRQHandler</name>
         <value>0x4189</value>
      </symbol>
      <symbol id="sm-9aa">
         <name>TA3_N_IRQHandler</name>
         <value>0x4189</value>
      </symbol>
      <symbol id="sm-9ab">
         <name>EUSCIA0_IRQHandler</name>
         <value>0x4189</value>
      </symbol>
      <symbol id="sm-9ac">
         <name>EUSCIA1_IRQHandler</name>
         <value>0x4189</value>
      </symbol>
      <symbol id="sm-9ad">
         <name>EUSCIA2_IRQHandler</name>
         <value>0x4189</value>
      </symbol>
      <symbol id="sm-9ae">
         <name>EUSCIA3_IRQHandler</name>
         <value>0x4189</value>
      </symbol>
      <symbol id="sm-9af">
         <name>EUSCIB0_IRQHandler</name>
         <value>0x4189</value>
      </symbol>
      <symbol id="sm-9b0">
         <name>EUSCIB1_IRQHandler</name>
         <value>0x4189</value>
      </symbol>
      <symbol id="sm-9b1">
         <name>EUSCIB2_IRQHandler</name>
         <value>0x4189</value>
      </symbol>
      <symbol id="sm-9b2">
         <name>EUSCIB3_IRQHandler</name>
         <value>0x4189</value>
      </symbol>
      <symbol id="sm-9b3">
         <name>ADC14_IRQHandler</name>
         <value>0x4189</value>
      </symbol>
      <symbol id="sm-9b4">
         <name>T32_INT1_IRQHandler</name>
         <value>0x4189</value>
      </symbol>
      <symbol id="sm-9b5">
         <name>T32_INT2_IRQHandler</name>
         <value>0x4189</value>
      </symbol>
      <symbol id="sm-9b6">
         <name>T32_INTC_IRQHandler</name>
         <value>0x4189</value>
      </symbol>
      <symbol id="sm-9b7">
         <name>AES256_IRQHandler</name>
         <value>0x4189</value>
      </symbol>
      <symbol id="sm-9b8">
         <name>RTC_C_IRQHandler</name>
         <value>0x4189</value>
      </symbol>
      <symbol id="sm-9b9">
         <name>DMA_ERR_IRQHandler</name>
         <value>0x4189</value>
      </symbol>
      <symbol id="sm-9ba">
         <name>DMA_INT3_IRQHandler</name>
         <value>0x4189</value>
      </symbol>
      <symbol id="sm-9bb">
         <name>DMA_INT2_IRQHandler</name>
         <value>0x4189</value>
      </symbol>
      <symbol id="sm-9bc">
         <name>DMA_INT1_IRQHandler</name>
         <value>0x4189</value>
      </symbol>
      <symbol id="sm-9bd">
         <name>DMA_INT0_IRQHandler</name>
         <value>0x4189</value>
      </symbol>
      <symbol id="sm-9be">
         <name>PORT1_IRQHandler</name>
         <value>0x4189</value>
      </symbol>
      <symbol id="sm-9bf">
         <name>PORT2_IRQHandler</name>
         <value>0x4189</value>
      </symbol>
      <symbol id="sm-9c0">
         <name>PORT3_IRQHandler</name>
         <value>0x4189</value>
      </symbol>
      <symbol id="sm-9c1">
         <name>PORT4_IRQHandler</name>
         <value>0x4189</value>
      </symbol>
      <symbol id="sm-9c2">
         <name>PORT5_IRQHandler</name>
         <value>0x4189</value>
      </symbol>
      <symbol id="sm-9c3">
         <name>PORT6_IRQHandler</name>
         <value>0x4189</value>
      </symbol>
      <symbol id="sm-9c4">
         <name>remove</name>
         <value>0x3fd5</value>
      </symbol>
   </symbol_table>
   <title>Link successful</title>
</link_info>
