<?xml version="1.0" encoding="ISO-8859-1" ?>
<link_info>
   <banner>TI ARM Linker PC v18.1.1.LTS</banner>
   <copyright>Copyright (c) 1996-2017 Texas Instruments Incorporated</copyright>
   <link_time>0x5e941ae0</link_time>
   <link_errors>0x0</link_errors>
   <output_file>TExaS.out</output_file>
   <entry_point>
      <name>_c_int00_noargs</name>
      <address>0x1029</address>
   </entry_point>
   <input_file_list>
      <input_file id="fl-2">
         <path>.\</path>
         <kind>object</kind>
         <file>Clock.obj</file>
         <name>Clock.obj</name>
      </input_file>
      <input_file id="fl-3">
         <path>.\</path>
         <kind>object</kind>
         <file>LaunchPad.obj</file>
         <name>LaunchPad.obj</name>
      </input_file>
      <input_file id="fl-4">
         <path>.\</path>
         <kind>object</kind>
         <file>SysTick.obj</file>
         <name>SysTick.obj</name>
      </input_file>
      <input_file id="fl-5">
         <path>.\</path>
         <kind>object</kind>
         <file>TExaS.obj</file>
         <name>TExaS.obj</name>
      </input_file>
      <input_file id="fl-6">
         <path>.\</path>
         <kind>object</kind>
         <file>TExaSmain.obj</file>
         <name>TExaSmain.obj</name>
      </input_file>
      <input_file id="fl-7">
         <path>.\</path>
         <kind>object</kind>
         <file>startup_msp432p401r_ccs.obj</file>
         <name>startup_msp432p401r_ccs.obj</name>
      </input_file>
      <input_file id="fl-8">
         <path>.\</path>
         <kind>object</kind>
         <file>system_msp432p401r.obj</file>
         <name>system_msp432p401r.obj</name>
      </input_file>
      <input_file id="fl-c">
         <kind>object</kind>
         <file>&lt;internal&gt;</file>
         <name>&lt;internal&gt;</name>
      </input_file>
      <input_file id="fl-c2">
         <path>C:\ti\ccsv8\tools\compiler\ti-cgt-arm_18.1.1.LTS\lib\</path>
         <kind>archive</kind>
         <file>rtsv7M4_T_le_v4SPD16_eabi.lib</file>
         <name>copy_zero_init.c.obj</name>
      </input_file>
      <input_file id="fl-c3">
         <path>C:\ti\ccsv8\tools\compiler\ti-cgt-arm_18.1.1.LTS\lib\</path>
         <kind>archive</kind>
         <file>rtsv7M4_T_le_v4SPD16_eabi.lib</file>
         <name>copy_decompress_none.c.obj</name>
      </input_file>
      <input_file id="fl-c4">
         <path>C:\ti\ccsv8\tools\compiler\ti-cgt-arm_18.1.1.LTS\lib\</path>
         <kind>archive</kind>
         <file>rtsv7M4_T_le_v4SPD16_eabi.lib</file>
         <name>copy_decompress_lzss.c.obj</name>
      </input_file>
      <input_file id="fl-c5">
         <path>C:\ti\ccsv8\tools\compiler\ti-cgt-arm_18.1.1.LTS\lib\</path>
         <kind>archive</kind>
         <file>rtsv7M4_T_le_v4SPD16_eabi.lib</file>
         <name>boot_cortex_m.c.obj</name>
      </input_file>
      <input_file id="fl-c6">
         <path>C:\ti\ccsv8\tools\compiler\ti-cgt-arm_18.1.1.LTS\lib\</path>
         <kind>archive</kind>
         <file>rtsv7M4_T_le_v4SPD16_eabi.lib</file>
         <name>exit.c.obj</name>
      </input_file>
      <input_file id="fl-c7">
         <path>C:\ti\ccsv8\tools\compiler\ti-cgt-arm_18.1.1.LTS\lib\</path>
         <kind>archive</kind>
         <file>rtsv7M4_T_le_v4SPD16_eabi.lib</file>
         <name>_lock.c.obj</name>
      </input_file>
      <input_file id="fl-c8">
         <path>C:\ti\ccsv8\tools\compiler\ti-cgt-arm_18.1.1.LTS\lib\</path>
         <kind>archive</kind>
         <file>rtsv7M4_T_le_v4SPD16_eabi.lib</file>
         <name>args_main.c.obj</name>
      </input_file>
      <input_file id="fl-c9">
         <path>C:\ti\ccsv8\tools\compiler\ti-cgt-arm_18.1.1.LTS\lib\</path>
         <kind>archive</kind>
         <file>rtsv7M4_T_le_v4SPD16_eabi.lib</file>
         <name>memcpy_t2.asm.obj</name>
      </input_file>
      <input_file id="fl-ca">
         <path>C:\ti\ccsv8\tools\compiler\ti-cgt-arm_18.1.1.LTS\lib\</path>
         <kind>archive</kind>
         <file>rtsv7M4_T_le_v4SPD16_eabi.lib</file>
         <name>memset_t2.asm.obj</name>
      </input_file>
      <input_file id="fl-cb">
         <path>C:\ti\ccsv8\tools\compiler\ti-cgt-arm_18.1.1.LTS\lib\</path>
         <kind>archive</kind>
         <file>rtsv7M4_T_le_v4SPD16_eabi.lib</file>
         <name>autoinit.c.obj</name>
      </input_file>
      <input_file id="fl-cc">
         <path>C:\ti\ccsv8\tools\compiler\ti-cgt-arm_18.1.1.LTS\lib\</path>
         <kind>archive</kind>
         <file>rtsv7M4_T_le_v4SPD16_eabi.lib</file>
         <name>pre_init.c.obj</name>
      </input_file>
      <input_file id="fl-cd">
         <path>C:\ti\ccsv8\tools\compiler\ti-cgt-arm_18.1.1.LTS\lib\</path>
         <kind>archive</kind>
         <file>rtsv7M4_T_le_v4SPD16_eabi.lib</file>
         <name>cpy_tbl.c.obj</name>
      </input_file>
   </input_file_list>
   <object_component_list>
      <object_component id="oc-23">
         <name>.intvecs:retain</name>
         <load_address>0x0</load_address>
         <run_address>0x0</run_address>
         <size>0xe4</size>
         <input_file_ref idref="fl-7"/>
      </object_component>
      <object_component id="oc-6a">
         <name>.text</name>
         <load_address>0xe4</load_address>
         <run_address>0xe4</run_address>
         <size>0x630</size>
         <input_file_ref idref="fl-5"/>
      </object_component>
      <object_component id="oc-a8">
         <name>.text</name>
         <load_address>0x714</load_address>
         <run_address>0x714</run_address>
         <size>0x32c</size>
         <input_file_ref idref="fl-8"/>
      </object_component>
      <object_component id="oc-d8">
         <name>.text</name>
         <load_address>0xa40</load_address>
         <run_address>0xa40</run_address>
         <size>0x1e0</size>
         <input_file_ref idref="fl-2"/>
      </object_component>
      <object_component id="oc-96">
         <name>.text</name>
         <load_address>0xc20</load_address>
         <run_address>0xc20</run_address>
         <size>0x160</size>
         <input_file_ref idref="fl-6"/>
      </object_component>
      <object_component id="oc-de">
         <name>.text</name>
         <load_address>0xd80</load_address>
         <run_address>0xd80</run_address>
         <size>0xf4</size>
         <input_file_ref idref="fl-3"/>
      </object_component>
      <object_component id="oc-34">
         <name>.text</name>
         <load_address>0xe74</load_address>
         <run_address>0xe74</run_address>
         <size>0x9c</size>
         <input_file_ref idref="fl-c9"/>
      </object_component>
      <object_component id="oc-e4">
         <name>.text</name>
         <load_address>0xf10</load_address>
         <run_address>0xf10</run_address>
         <size>0x6c</size>
         <input_file_ref idref="fl-4"/>
      </object_component>
      <object_component id="oc-14">
         <name>.text:decompress:lzss:__TI_decompress_lzss</name>
         <load_address>0xf7c</load_address>
         <run_address>0xf7c</run_address>
         <size>0x68</size>
         <input_file_ref idref="fl-c4"/>
      </object_component>
      <object_component id="oc-fa">
         <name>.text:__TI_auto_init_nobinit_nopinit:__TI_auto_init_nobinit_nopinit</name>
         <load_address>0xfe4</load_address>
         <run_address>0xfe4</run_address>
         <size>0x44</size>
         <input_file_ref idref="fl-cb"/>
      </object_component>
      <object_component id="oc-52">
         <name>.text:_c_int00_noargs:_c_int00_noargs</name>
         <load_address>0x1028</load_address>
         <run_address>0x1028</run_address>
         <size>0x38</size>
         <input_file_ref idref="fl-c5"/>
      </object_component>
      <object_component id="oc-40">
         <name>.text:decompress:ZI:__TI_zero_init_nomemset:__TI_zero_init_nomemset</name>
         <load_address>0x1060</load_address>
         <run_address>0x1060</run_address>
         <size>0x12</size>
         <input_file_ref idref="fl-c2"/>
      </object_component>
      <object_component id="oc-1a">
         <name>.text:decompress:none:__TI_decompress_none</name>
         <load_address>0x1072</load_address>
         <run_address>0x1072</run_address>
         <size>0xe</size>
         <input_file_ref idref="fl-c3"/>
      </object_component>
      <object_component id="oc-64">
         <name>.text</name>
         <load_address>0x1080</load_address>
         <run_address>0x1080</run_address>
         <size>0xe</size>
         <input_file_ref idref="fl-7"/>
      </object_component>
      <object_component id="oc-90">
         <name>.text:_system_pre_init</name>
         <load_address>0x108e</load_address>
         <run_address>0x108e</run_address>
         <size>0x4</size>
         <input_file_ref idref="fl-cc"/>
      </object_component>
      <object_component id="oc-ee">
         <name>.text:abort:abort</name>
         <load_address>0x1092</load_address>
         <run_address>0x1092</run_address>
         <size>0x4</size>
         <input_file_ref idref="fl-c6"/>
      </object_component>
      <object_component id="oc-ea">
         <name>.const:FreqTab</name>
         <load_address>0x1098</load_address>
         <run_address>0x1098</run_address>
         <size>0x10</size>
         <input_file_ref idref="fl-6"/>
      </object_component>
      <object_component id="oc-1d4">
         <name>.cinit..data.load</name>
         <load_address>0x10a8</load_address>
         <run_address>0x10a8</run_address>
         <size>0xd</size>
      </object_component>
      <object_component id="oc-1d2">
         <name>__TI_handler_table</name>
         <load_address>0x10b8</load_address>
         <run_address>0x10b8</run_address>
         <size>0xc</size>
      </object_component>
      <object_component id="oc-1d5">
         <name>.cinit..bss.load</name>
         <load_address>0x10c8</load_address>
         <run_address>0x10c8</run_address>
         <size>0x8</size>
      </object_component>
      <object_component id="oc-1d3">
         <name>__TI_cinit_table</name>
         <load_address>0x10d0</load_address>
         <run_address>0x10d0</run_address>
         <size>0x10</size>
      </object_component>
      <object_component id="oc-1a7">
         <name>.binit</name>
         <load_address>0x0</load_address>
         <run_address>0x0</run_address>
         <size>0x0</size>
      </object_component>
      <object_component id="oc-144">
         <name>.data</name>
         <load_address>0x20000000</load_address>
         <run_address>0x20000000</run_address>
         <size>0x18</size>
         <input_file_ref idref="fl-2"/>
      </object_component>
      <object_component id="oc-b2">
         <name>.data</name>
         <load_address>0x20000018</load_address>
         <run_address>0x20000018</run_address>
         <size>0xc</size>
         <input_file_ref idref="fl-5"/>
      </object_component>
      <object_component id="oc-12c">
         <name>.data</name>
         <load_address>0x20000024</load_address>
         <run_address>0x20000024</run_address>
         <size>0x4</size>
         <input_file_ref idref="fl-8"/>
      </object_component>
      <object_component id="oc-af">
         <name>.common:LogicData</name>
         <uninitialized>true</uninitialized>
         <run_address>0x2000002c</run_address>
         <size>0x1</size>
      </object_component>
      <object_component id="oc-b5">
         <name>.common:PeriodicTask2</name>
         <uninitialized>true</uninitialized>
         <run_address>0x20000028</run_address>
         <size>0x4</size>
      </object_component>
      <object_component id="oc-26">
         <name>.stack</name>
         <uninitialized>true</uninitialized>
         <run_address>0x2000fe00</run_address>
         <size>0x4</size>
         <input_file_ref idref="fl-c5"/>
      </object_component>
      <object_component id="oc-1d6">
         <name>.stack</name>
         <uninitialized>true</uninitialized>
         <run_address>0x2000fe00</run_address>
         <size>0x0</size>
      </object_component>
      <object_component id="oc-143">
         <name>.debug_info</name>
         <load_address>0x0</load_address>
         <run_address>0x0</run_address>
         <size>0x529</size>
         <input_file_ref idref="fl-2"/>
      </object_component>
      <object_component id="oc-145">
         <name>.debug_info</name>
         <load_address>0x529</load_address>
         <run_address>0x529</run_address>
         <size>0x185</size>
         <input_file_ref idref="fl-2"/>
      </object_component>
      <object_component id="oc-d9">
         <name>.debug_info</name>
         <load_address>0x6ae</load_address>
         <run_address>0x6ae</run_address>
         <size>0x37b</size>
         <input_file_ref idref="fl-2"/>
      </object_component>
      <object_component id="oc-132">
         <name>.debug_info</name>
         <load_address>0xa29</load_address>
         <run_address>0xa29</run_address>
         <size>0x37e2</size>
         <input_file_ref idref="fl-2"/>
      </object_component>
      <object_component id="oc-c3">
         <name>.debug_info</name>
         <load_address>0x420b</load_address>
         <run_address>0x420b</run_address>
         <size>0x26b</size>
         <input_file_ref idref="fl-2"/>
      </object_component>
      <object_component id="oc-137">
         <name>.debug_info</name>
         <load_address>0x4476</load_address>
         <run_address>0x4476</run_address>
         <size>0x1055</size>
         <input_file_ref idref="fl-2"/>
      </object_component>
      <object_component id="oc-2f">
         <name>.debug_info</name>
         <load_address>0x54cb</load_address>
         <run_address>0x54cb</run_address>
         <size>0x84</size>
         <input_file_ref idref="fl-2"/>
      </object_component>
      <object_component id="oc-13e">
         <name>.debug_info</name>
         <load_address>0x554f</load_address>
         <run_address>0x554f</run_address>
         <size>0x297</size>
         <input_file_ref idref="fl-2"/>
      </object_component>
      <object_component id="oc-b7">
         <name>.debug_info</name>
         <load_address>0x57e6</load_address>
         <run_address>0x57e6</run_address>
         <size>0xbb</size>
         <input_file_ref idref="fl-2"/>
      </object_component>
      <object_component id="oc-e1">
         <name>.debug_info</name>
         <load_address>0x58a1</load_address>
         <run_address>0x58a1</run_address>
         <size>0x317</size>
         <input_file_ref idref="fl-3"/>
      </object_component>
      <object_component id="oc-e5">
         <name>.debug_info</name>
         <load_address>0x5bb8</load_address>
         <run_address>0x5bb8</run_address>
         <size>0x2a1</size>
         <input_file_ref idref="fl-4"/>
      </object_component>
      <object_component id="oc-b0">
         <name>.debug_info</name>
         <load_address>0x5e59</load_address>
         <run_address>0x5e59</run_address>
         <size>0x584</size>
         <input_file_ref idref="fl-5"/>
      </object_component>
      <object_component id="oc-b3">
         <name>.debug_info</name>
         <load_address>0x63dd</load_address>
         <run_address>0x63dd</run_address>
         <size>0x168</size>
         <input_file_ref idref="fl-5"/>
      </object_component>
      <object_component id="oc-6b">
         <name>.debug_info</name>
         <load_address>0x6545</load_address>
         <run_address>0x6545</run_address>
         <size>0x1979</size>
         <input_file_ref idref="fl-5"/>
      </object_component>
      <object_component id="oc-bc">
         <name>.debug_info</name>
         <load_address>0x7ebe</load_address>
         <run_address>0x7ebe</run_address>
         <size>0xb4</size>
         <input_file_ref idref="fl-5"/>
      </object_component>
      <object_component id="oc-14c">
         <name>.debug_info</name>
         <load_address>0x7f72</load_address>
         <run_address>0x7f72</run_address>
         <size>0x69b</size>
         <input_file_ref idref="fl-6"/>
      </object_component>
      <object_component id="oc-eb">
         <name>.debug_info</name>
         <load_address>0x860d</load_address>
         <run_address>0x860d</run_address>
         <size>0xbf</size>
         <input_file_ref idref="fl-6"/>
      </object_component>
      <object_component id="oc-97">
         <name>.debug_info</name>
         <load_address>0x86cc</load_address>
         <run_address>0x86cc</run_address>
         <size>0x3ae</size>
         <input_file_ref idref="fl-6"/>
      </object_component>
      <object_component id="oc-72">
         <name>.debug_info</name>
         <load_address>0x8a7a</load_address>
         <run_address>0x8a7a</run_address>
         <size>0x2b3</size>
         <input_file_ref idref="fl-7"/>
      </object_component>
      <object_component id="oc-24">
         <name>.debug_info</name>
         <load_address>0x8d2d</load_address>
         <run_address>0x8d2d</run_address>
         <size>0xdf</size>
         <input_file_ref idref="fl-7"/>
      </object_component>
      <object_component id="oc-65">
         <name>.debug_info</name>
         <load_address>0x8e0c</load_address>
         <run_address>0x8e0c</run_address>
         <size>0x1a6</size>
         <input_file_ref idref="fl-7"/>
      </object_component>
      <object_component id="oc-12d">
         <name>.debug_info</name>
         <load_address>0x8fb2</load_address>
         <run_address>0x8fb2</run_address>
         <size>0xd8</size>
         <input_file_ref idref="fl-8"/>
      </object_component>
      <object_component id="oc-aa">
         <name>.debug_info</name>
         <load_address>0x908a</load_address>
         <run_address>0x908a</run_address>
         <size>0x24a</size>
         <input_file_ref idref="fl-8"/>
      </object_component>
      <object_component id="oc-89">
         <name>.debug_info</name>
         <load_address>0x92d4</load_address>
         <run_address>0x92d4</run_address>
         <size>0x313</size>
         <input_file_ref idref="fl-c2"/>
      </object_component>
      <object_component id="oc-44">
         <name>.debug_info</name>
         <load_address>0x95e7</load_address>
         <run_address>0x95e7</run_address>
         <size>0x1b4</size>
         <input_file_ref idref="fl-c2"/>
      </object_component>
      <object_component id="oc-84">
         <name>.debug_info</name>
         <load_address>0x979b</load_address>
         <run_address>0x979b</run_address>
         <size>0x46</size>
         <input_file_ref idref="fl-c2"/>
      </object_component>
      <object_component id="oc-cf">
         <name>.debug_info</name>
         <load_address>0x97e1</load_address>
         <run_address>0x97e1</run_address>
         <size>0x2c</size>
         <input_file_ref idref="fl-c2"/>
      </object_component>
      <object_component id="oc-3f">
         <name>.debug_info</name>
         <load_address>0x980d</load_address>
         <run_address>0x980d</run_address>
         <size>0x29d</size>
         <input_file_ref idref="fl-c3"/>
      </object_component>
      <object_component id="oc-1b">
         <name>.debug_info</name>
         <load_address>0x9aaa</load_address>
         <run_address>0x9aaa</run_address>
         <size>0x1df</size>
         <input_file_ref idref="fl-c3"/>
      </object_component>
      <object_component id="oc-3a">
         <name>.debug_info</name>
         <load_address>0x9c89</load_address>
         <run_address>0x9c89</run_address>
         <size>0x46</size>
         <input_file_ref idref="fl-c3"/>
      </object_component>
      <object_component id="oc-7c">
         <name>.debug_info</name>
         <load_address>0x9ccf</load_address>
         <run_address>0x9ccf</run_address>
         <size>0x2c</size>
         <input_file_ref idref="fl-c3"/>
      </object_component>
      <object_component id="oc-7a">
         <name>.debug_info</name>
         <load_address>0x9cfb</load_address>
         <run_address>0x9cfb</run_address>
         <size>0x293</size>
         <input_file_ref idref="fl-c4"/>
      </object_component>
      <object_component id="oc-15">
         <name>.debug_info</name>
         <load_address>0x9f8e</load_address>
         <run_address>0x9f8e</run_address>
         <size>0x245</size>
         <input_file_ref idref="fl-c4"/>
      </object_component>
      <object_component id="oc-2a">
         <name>.debug_info</name>
         <load_address>0xa1d3</load_address>
         <run_address>0xa1d3</run_address>
         <size>0x60</size>
         <input_file_ref idref="fl-c4"/>
      </object_component>
      <object_component id="oc-c8">
         <name>.debug_info</name>
         <load_address>0xa233</load_address>
         <run_address>0xa233</run_address>
         <size>0x46</size>
         <input_file_ref idref="fl-c4"/>
      </object_component>
      <object_component id="oc-75">
         <name>.debug_info</name>
         <load_address>0xa279</load_address>
         <run_address>0xa279</run_address>
         <size>0x39</size>
         <input_file_ref idref="fl-c4"/>
      </object_component>
      <object_component id="oc-27">
         <name>.debug_info</name>
         <load_address>0xa2b2</load_address>
         <run_address>0xa2b2</run_address>
         <size>0x100</size>
         <input_file_ref idref="fl-c5"/>
      </object_component>
      <object_component id="oc-54">
         <name>.debug_info</name>
         <load_address>0xa3b2</load_address>
         <run_address>0xa3b2</run_address>
         <size>0x1a4</size>
         <input_file_ref idref="fl-c5"/>
      </object_component>
      <object_component id="oc-f2">
         <name>.debug_info</name>
         <load_address>0xa556</load_address>
         <run_address>0xa556</run_address>
         <size>0x117</size>
         <input_file_ref idref="fl-c6"/>
      </object_component>
      <object_component id="oc-35">
         <name>.debug_info</name>
         <load_address>0xa66d</load_address>
         <run_address>0xa66d</run_address>
         <size>0x111</size>
         <input_file_ref idref="fl-c9"/>
      </object_component>
      <object_component id="oc-158">
         <name>.debug_info</name>
         <load_address>0xa77e</load_address>
         <run_address>0xa77e</run_address>
         <size>0x547</size>
         <input_file_ref idref="fl-cb"/>
      </object_component>
      <object_component id="oc-fb">
         <name>.debug_info</name>
         <load_address>0xacc5</load_address>
         <run_address>0xacc5</run_address>
         <size>0x19b</size>
         <input_file_ref idref="fl-cb"/>
      </object_component>
      <object_component id="oc-185">
         <name>.debug_info</name>
         <load_address>0xae60</load_address>
         <run_address>0xae60</run_address>
         <size>0x39</size>
         <input_file_ref idref="fl-cb"/>
      </object_component>
      <object_component id="oc-199">
         <name>.debug_info</name>
         <load_address>0xae99</load_address>
         <run_address>0xae99</run_address>
         <size>0x39</size>
         <input_file_ref idref="fl-cb"/>
      </object_component>
      <object_component id="oc-18a">
         <name>.debug_info</name>
         <load_address>0xaed2</load_address>
         <run_address>0xaed2</run_address>
         <size>0x39</size>
         <input_file_ref idref="fl-cb"/>
      </object_component>
      <object_component id="oc-18f">
         <name>.debug_info</name>
         <load_address>0xaf0b</load_address>
         <run_address>0xaf0b</run_address>
         <size>0xcd</size>
         <input_file_ref idref="fl-cb"/>
      </object_component>
      <object_component id="oc-91">
         <name>.debug_info</name>
         <load_address>0xafd8</load_address>
         <run_address>0xafd8</run_address>
         <size>0x148</size>
         <input_file_ref idref="fl-cc"/>
      </object_component>
      <object_component id="oc-1d7">
         <name>.debug_info</name>
         <load_address>0xb120</load_address>
         <run_address>0xb120</run_address>
         <size>0x8e</size>
      </object_component>
      <object_component id="oc-170">
         <name>.debug_line</name>
         <load_address>0x0</load_address>
         <run_address>0x0</run_address>
         <size>0x20</size>
         <input_file_ref idref="fl-2"/>
      </object_component>
      <object_component id="oc-172">
         <name>.debug_line</name>
         <load_address>0x20</load_address>
         <run_address>0x20</run_address>
         <size>0x43</size>
         <input_file_ref idref="fl-2"/>
      </object_component>
      <object_component id="oc-dd">
         <name>.debug_line</name>
         <load_address>0x63</load_address>
         <run_address>0x63</run_address>
         <size>0x110</size>
         <input_file_ref idref="fl-2"/>
      </object_component>
      <object_component id="oc-135">
         <name>.debug_line</name>
         <load_address>0x173</load_address>
         <run_address>0x173</run_address>
         <size>0x52</size>
         <input_file_ref idref="fl-2"/>
      </object_component>
      <object_component id="oc-c6">
         <name>.debug_line</name>
         <load_address>0x1c5</load_address>
         <run_address>0x1c5</run_address>
         <size>0x69</size>
         <input_file_ref idref="fl-2"/>
      </object_component>
      <object_component id="oc-13a">
         <name>.debug_line</name>
         <load_address>0x22e</load_address>
         <run_address>0x22e</run_address>
         <size>0x55</size>
         <input_file_ref idref="fl-2"/>
      </object_component>
      <object_component id="oc-32">
         <name>.debug_line</name>
         <load_address>0x283</load_address>
         <run_address>0x283</run_address>
         <size>0x20</size>
         <input_file_ref idref="fl-2"/>
      </object_component>
      <object_component id="oc-141">
         <name>.debug_line</name>
         <load_address>0x2a3</load_address>
         <run_address>0x2a3</run_address>
         <size>0x6d</size>
         <input_file_ref idref="fl-2"/>
      </object_component>
      <object_component id="oc-ba">
         <name>.debug_line</name>
         <load_address>0x310</load_address>
         <run_address>0x310</run_address>
         <size>0x6a</size>
         <input_file_ref idref="fl-2"/>
      </object_component>
      <object_component id="oc-e0">
         <name>.debug_line</name>
         <load_address>0x37a</load_address>
         <run_address>0x37a</run_address>
         <size>0xb9</size>
         <input_file_ref idref="fl-3"/>
      </object_component>
      <object_component id="oc-e9">
         <name>.debug_line</name>
         <load_address>0x433</load_address>
         <run_address>0x433</run_address>
         <size>0xaa</size>
         <input_file_ref idref="fl-4"/>
      </object_component>
      <object_component id="oc-131">
         <name>.debug_line</name>
         <load_address>0x4dd</load_address>
         <run_address>0x4dd</run_address>
         <size>0x43</size>
         <input_file_ref idref="fl-5"/>
      </object_component>
      <object_component id="oc-13d">
         <name>.debug_line</name>
         <load_address>0x520</load_address>
         <run_address>0x520</run_address>
         <size>0x43</size>
         <input_file_ref idref="fl-5"/>
      </object_component>
      <object_component id="oc-6f">
         <name>.debug_line</name>
         <load_address>0x563</load_address>
         <run_address>0x563</run_address>
         <size>0x5eb</size>
         <input_file_ref idref="fl-5"/>
      </object_component>
      <object_component id="oc-bf">
         <name>.debug_line</name>
         <load_address>0xb4e</load_address>
         <run_address>0xb4e</run_address>
         <size>0x4a</size>
         <input_file_ref idref="fl-5"/>
      </object_component>
      <object_component id="oc-174">
         <name>.debug_line</name>
         <load_address>0xb98</load_address>
         <run_address>0xb98</run_address>
         <size>0x7a</size>
         <input_file_ref idref="fl-6"/>
      </object_component>
      <object_component id="oc-14b">
         <name>.debug_line</name>
         <load_address>0xc12</load_address>
         <run_address>0xc12</run_address>
         <size>0x32</size>
         <input_file_ref idref="fl-6"/>
      </object_component>
      <object_component id="oc-9a">
         <name>.debug_line</name>
         <load_address>0xc44</load_address>
         <run_address>0xc44</run_address>
         <size>0xcf</size>
         <input_file_ref idref="fl-6"/>
      </object_component>
      <object_component id="oc-c2">
         <name>.debug_line</name>
         <load_address>0xd13</load_address>
         <run_address>0xd13</run_address>
         <size>0x40</size>
         <input_file_ref idref="fl-7"/>
      </object_component>
      <object_component id="oc-71">
         <name>.debug_line</name>
         <load_address>0xd53</load_address>
         <run_address>0xd53</run_address>
         <size>0x40</size>
         <input_file_ref idref="fl-7"/>
      </object_component>
      <object_component id="oc-69">
         <name>.debug_line</name>
         <load_address>0xd93</load_address>
         <run_address>0xd93</run_address>
         <size>0x71</size>
         <input_file_ref idref="fl-7"/>
      </object_component>
      <object_component id="oc-16e">
         <name>.debug_line</name>
         <load_address>0xe04</load_address>
         <run_address>0xe04</run_address>
         <size>0x3b</size>
         <input_file_ref idref="fl-8"/>
      </object_component>
      <object_component id="oc-a9">
         <name>.debug_line</name>
         <load_address>0xe3f</load_address>
         <run_address>0xe3f</run_address>
         <size>0x146</size>
         <input_file_ref idref="fl-8"/>
      </object_component>
      <object_component id="oc-d5">
         <name>.debug_line</name>
         <load_address>0xf85</load_address>
         <run_address>0xf85</run_address>
         <size>0x9e</size>
         <input_file_ref idref="fl-c2"/>
      </object_component>
      <object_component id="oc-43">
         <name>.debug_line</name>
         <load_address>0x1023</load_address>
         <run_address>0x1023</run_address>
         <size>0x4f</size>
         <input_file_ref idref="fl-c2"/>
      </object_component>
      <object_component id="oc-87">
         <name>.debug_line</name>
         <load_address>0x1072</load_address>
         <run_address>0x1072</run_address>
         <size>0x34</size>
         <input_file_ref idref="fl-c2"/>
      </object_component>
      <object_component id="oc-d2">
         <name>.debug_line</name>
         <load_address>0x10a6</load_address>
         <run_address>0x10a6</run_address>
         <size>0x8a</size>
         <input_file_ref idref="fl-c2"/>
      </object_component>
      <object_component id="oc-82">
         <name>.debug_line</name>
         <load_address>0x1130</load_address>
         <run_address>0x1130</run_address>
         <size>0x20</size>
         <input_file_ref idref="fl-c3"/>
      </object_component>
      <object_component id="oc-1e">
         <name>.debug_line</name>
         <load_address>0x1150</load_address>
         <run_address>0x1150</run_address>
         <size>0x55</size>
         <input_file_ref idref="fl-c3"/>
      </object_component>
      <object_component id="oc-3d">
         <name>.debug_line</name>
         <load_address>0x11a5</load_address>
         <run_address>0x11a5</run_address>
         <size>0x3a</size>
         <input_file_ref idref="fl-c3"/>
      </object_component>
      <object_component id="oc-7f">
         <name>.debug_line</name>
         <load_address>0x11df</load_address>
         <run_address>0x11df</run_address>
         <size>0x8a</size>
         <input_file_ref idref="fl-c3"/>
      </object_component>
      <object_component id="oc-ce">
         <name>.debug_line</name>
         <load_address>0x1269</load_address>
         <run_address>0x1269</run_address>
         <size>0x20</size>
         <input_file_ref idref="fl-c4"/>
      </object_component>
      <object_component id="oc-19">
         <name>.debug_line</name>
         <load_address>0x1289</load_address>
         <run_address>0x1289</run_address>
         <size>0xa9</size>
         <input_file_ref idref="fl-c4"/>
      </object_component>
      <object_component id="oc-2d">
         <name>.debug_line</name>
         <load_address>0x1332</load_address>
         <run_address>0x1332</run_address>
         <size>0x3a</size>
         <input_file_ref idref="fl-c4"/>
      </object_component>
      <object_component id="oc-cb">
         <name>.debug_line</name>
         <load_address>0x136c</load_address>
         <run_address>0x136c</run_address>
         <size>0x92</size>
         <input_file_ref idref="fl-c4"/>
      </object_component>
      <object_component id="oc-78">
         <name>.debug_line</name>
         <load_address>0x13fe</load_address>
         <run_address>0x13fe</run_address>
         <size>0x8e</size>
         <input_file_ref idref="fl-c4"/>
      </object_component>
      <object_component id="oc-74">
         <name>.debug_line</name>
         <load_address>0x148c</load_address>
         <run_address>0x148c</run_address>
         <size>0x33</size>
         <input_file_ref idref="fl-c5"/>
      </object_component>
      <object_component id="oc-57">
         <name>.debug_line</name>
         <load_address>0x14bf</load_address>
         <run_address>0x14bf</run_address>
         <size>0x56</size>
         <input_file_ref idref="fl-c5"/>
      </object_component>
      <object_component id="oc-f0">
         <name>.debug_line</name>
         <load_address>0x1515</load_address>
         <run_address>0x1515</run_address>
         <size>0x3c</size>
         <input_file_ref idref="fl-c6"/>
      </object_component>
      <object_component id="oc-38">
         <name>.debug_line</name>
         <load_address>0x1551</load_address>
         <run_address>0x1551</run_address>
         <size>0x88</size>
         <input_file_ref idref="fl-c9"/>
      </object_component>
      <object_component id="oc-184">
         <name>.debug_line</name>
         <load_address>0x15d9</load_address>
         <run_address>0x15d9</run_address>
         <size>0xb7</size>
         <input_file_ref idref="fl-cb"/>
      </object_component>
      <object_component id="oc-fe">
         <name>.debug_line</name>
         <load_address>0x1690</load_address>
         <run_address>0x1690</run_address>
         <size>0x6c</size>
         <input_file_ref idref="fl-cb"/>
      </object_component>
      <object_component id="oc-188">
         <name>.debug_line</name>
         <load_address>0x16fc</load_address>
         <run_address>0x16fc</run_address>
         <size>0x2e</size>
         <input_file_ref idref="fl-cb"/>
      </object_component>
      <object_component id="oc-19c">
         <name>.debug_line</name>
         <load_address>0x172a</load_address>
         <run_address>0x172a</run_address>
         <size>0x92</size>
         <input_file_ref idref="fl-cb"/>
      </object_component>
      <object_component id="oc-18d">
         <name>.debug_line</name>
         <load_address>0x17bc</load_address>
         <run_address>0x17bc</run_address>
         <size>0x8f</size>
         <input_file_ref idref="fl-cb"/>
      </object_component>
      <object_component id="oc-192">
         <name>.debug_line</name>
         <load_address>0x184b</load_address>
         <run_address>0x184b</run_address>
         <size>0x8b</size>
         <input_file_ref idref="fl-cb"/>
      </object_component>
      <object_component id="oc-95">
         <name>.debug_line</name>
         <load_address>0x18d6</load_address>
         <run_address>0x18d6</run_address>
         <size>0x40</size>
         <input_file_ref idref="fl-cc"/>
      </object_component>
      <object_component id="oc-dc">
         <name>.debug_frame</name>
         <load_address>0x0</load_address>
         <run_address>0x0</run_address>
         <size>0xb0</size>
         <input_file_ref idref="fl-2"/>
      </object_component>
      <object_component id="oc-df">
         <name>.debug_frame</name>
         <load_address>0xb0</load_address>
         <run_address>0xb0</run_address>
         <size>0x98</size>
         <input_file_ref idref="fl-3"/>
      </object_component>
      <object_component id="oc-e8">
         <name>.debug_frame</name>
         <load_address>0x148</load_address>
         <run_address>0x148</run_address>
         <size>0x88</size>
         <input_file_ref idref="fl-4"/>
      </object_component>
      <object_component id="oc-6e">
         <name>.debug_frame</name>
         <load_address>0x1d0</load_address>
         <run_address>0x1d0</run_address>
         <size>0x3f8</size>
         <input_file_ref idref="fl-5"/>
      </object_component>
      <object_component id="oc-9b">
         <name>.debug_frame</name>
         <load_address>0x5c8</load_address>
         <run_address>0x5c8</run_address>
         <size>0x94</size>
         <input_file_ref idref="fl-6"/>
      </object_component>
      <object_component id="oc-68">
         <name>.debug_frame</name>
         <load_address>0x65c</load_address>
         <run_address>0x65c</run_address>
         <size>0x6c</size>
         <input_file_ref idref="fl-7"/>
      </object_component>
      <object_component id="oc-ad">
         <name>.debug_frame</name>
         <load_address>0x6c8</load_address>
         <run_address>0x6c8</run_address>
         <size>0x70</size>
         <input_file_ref idref="fl-8"/>
      </object_component>
      <object_component id="oc-42">
         <name>.debug_frame</name>
         <load_address>0x738</load_address>
         <run_address>0x738</run_address>
         <size>0x54</size>
         <input_file_ref idref="fl-c2"/>
      </object_component>
      <object_component id="oc-1f">
         <name>.debug_frame</name>
         <load_address>0x78c</load_address>
         <run_address>0x78c</run_address>
         <size>0x54</size>
         <input_file_ref idref="fl-c3"/>
      </object_component>
      <object_component id="oc-18">
         <name>.debug_frame</name>
         <load_address>0x7e0</load_address>
         <run_address>0x7e0</run_address>
         <size>0x60</size>
         <input_file_ref idref="fl-c4"/>
      </object_component>
      <object_component id="oc-56">
         <name>.debug_frame</name>
         <load_address>0x840</load_address>
         <run_address>0x840</run_address>
         <size>0x58</size>
         <input_file_ref idref="fl-c5"/>
      </object_component>
      <object_component id="oc-f1">
         <name>.debug_frame</name>
         <load_address>0x898</load_address>
         <run_address>0x898</run_address>
         <size>0x54</size>
         <input_file_ref idref="fl-c6"/>
      </object_component>
      <object_component id="oc-ff">
         <name>.debug_frame</name>
         <load_address>0x8ec</load_address>
         <run_address>0x8ec</run_address>
         <size>0x5c</size>
         <input_file_ref idref="fl-cb"/>
      </object_component>
      <object_component id="oc-94">
         <name>.debug_frame</name>
         <load_address>0x948</load_address>
         <run_address>0x948</run_address>
         <size>0x54</size>
         <input_file_ref idref="fl-cc"/>
      </object_component>
      <object_component id="oc-16f">
         <name>.debug_abbrev</name>
         <load_address>0x0</load_address>
         <run_address>0x0</run_address>
         <size>0x71</size>
         <input_file_ref idref="fl-2"/>
      </object_component>
      <object_component id="oc-171">
         <name>.debug_abbrev</name>
         <load_address>0x71</load_address>
         <run_address>0x71</run_address>
         <size>0x29</size>
         <input_file_ref idref="fl-2"/>
      </object_component>
      <object_component id="oc-147">
         <name>.debug_abbrev</name>
         <load_address>0x9a</load_address>
         <run_address>0x9a</run_address>
         <size>0xa9</size>
         <input_file_ref idref="fl-2"/>
      </object_component>
      <object_component id="oc-134">
         <name>.debug_abbrev</name>
         <load_address>0x143</load_address>
         <run_address>0x143</run_address>
         <size>0xbd</size>
         <input_file_ref idref="fl-2"/>
      </object_component>
      <object_component id="oc-c5">
         <name>.debug_abbrev</name>
         <load_address>0x200</load_address>
         <run_address>0x200</run_address>
         <size>0x69</size>
         <input_file_ref idref="fl-2"/>
      </object_component>
      <object_component id="oc-139">
         <name>.debug_abbrev</name>
         <load_address>0x269</load_address>
         <run_address>0x269</run_address>
         <size>0x97</size>
         <input_file_ref idref="fl-2"/>
      </object_component>
      <object_component id="oc-31">
         <name>.debug_abbrev</name>
         <load_address>0x300</load_address>
         <run_address>0x300</run_address>
         <size>0x1f</size>
         <input_file_ref idref="fl-2"/>
      </object_component>
      <object_component id="oc-140">
         <name>.debug_abbrev</name>
         <load_address>0x31f</load_address>
         <run_address>0x31f</run_address>
         <size>0x5c</size>
         <input_file_ref idref="fl-2"/>
      </object_component>
      <object_component id="oc-b9">
         <name>.debug_abbrev</name>
         <load_address>0x37b</load_address>
         <run_address>0x37b</run_address>
         <size>0x24</size>
         <input_file_ref idref="fl-2"/>
      </object_component>
      <object_component id="oc-148">
         <name>.debug_abbrev</name>
         <load_address>0x39f</load_address>
         <run_address>0x39f</run_address>
         <size>0x9b</size>
         <input_file_ref idref="fl-3"/>
      </object_component>
      <object_component id="oc-149">
         <name>.debug_abbrev</name>
         <load_address>0x43a</load_address>
         <run_address>0x43a</run_address>
         <size>0x7a</size>
         <input_file_ref idref="fl-4"/>
      </object_component>
      <object_component id="oc-130">
         <name>.debug_abbrev</name>
         <load_address>0x4b4</load_address>
         <run_address>0x4b4</run_address>
         <size>0x97</size>
         <input_file_ref idref="fl-5"/>
      </object_component>
      <object_component id="oc-13c">
         <name>.debug_abbrev</name>
         <load_address>0x54b</load_address>
         <run_address>0x54b</run_address>
         <size>0x29</size>
         <input_file_ref idref="fl-5"/>
      </object_component>
      <object_component id="oc-b6">
         <name>.debug_abbrev</name>
         <load_address>0x574</load_address>
         <run_address>0x574</run_address>
         <size>0x112</size>
         <input_file_ref idref="fl-5"/>
      </object_component>
      <object_component id="oc-be">
         <name>.debug_abbrev</name>
         <load_address>0x686</load_address>
         <run_address>0x686</run_address>
         <size>0x33</size>
         <input_file_ref idref="fl-5"/>
      </object_component>
      <object_component id="oc-173">
         <name>.debug_abbrev</name>
         <load_address>0x6b9</load_address>
         <run_address>0x6b9</run_address>
         <size>0xb8</size>
         <input_file_ref idref="fl-6"/>
      </object_component>
      <object_component id="oc-14a">
         <name>.debug_abbrev</name>
         <load_address>0x771</load_address>
         <run_address>0x771</run_address>
         <size>0x29</size>
         <input_file_ref idref="fl-6"/>
      </object_component>
      <object_component id="oc-ed">
         <name>.debug_abbrev</name>
         <load_address>0x79a</load_address>
         <run_address>0x79a</run_address>
         <size>0x62</size>
         <input_file_ref idref="fl-6"/>
      </object_component>
      <object_component id="oc-c1">
         <name>.debug_abbrev</name>
         <load_address>0x7fc</load_address>
         <run_address>0x7fc</run_address>
         <size>0x7c</size>
         <input_file_ref idref="fl-7"/>
      </object_component>
      <object_component id="oc-70">
         <name>.debug_abbrev</name>
         <load_address>0x878</load_address>
         <run_address>0x878</run_address>
         <size>0x29</size>
         <input_file_ref idref="fl-7"/>
      </object_component>
      <object_component id="oc-ae">
         <name>.debug_abbrev</name>
         <load_address>0x8a1</load_address>
         <run_address>0x8a1</run_address>
         <size>0x89</size>
         <input_file_ref idref="fl-7"/>
      </object_component>
      <object_component id="oc-16d">
         <name>.debug_abbrev</name>
         <load_address>0x92a</load_address>
         <run_address>0x92a</run_address>
         <size>0x29</size>
         <input_file_ref idref="fl-8"/>
      </object_component>
      <object_component id="oc-12f">
         <name>.debug_abbrev</name>
         <load_address>0x953</load_address>
         <run_address>0x953</run_address>
         <size>0x8b</size>
         <input_file_ref idref="fl-8"/>
      </object_component>
      <object_component id="oc-d4">
         <name>.debug_abbrev</name>
         <load_address>0x9de</load_address>
         <run_address>0x9de</run_address>
         <size>0x73</size>
         <input_file_ref idref="fl-c2"/>
      </object_component>
      <object_component id="oc-83">
         <name>.debug_abbrev</name>
         <load_address>0xa51</load_address>
         <run_address>0xa51</run_address>
         <size>0x6f</size>
         <input_file_ref idref="fl-c2"/>
      </object_component>
      <object_component id="oc-86">
         <name>.debug_abbrev</name>
         <load_address>0xac0</load_address>
         <run_address>0xac0</run_address>
         <size>0x24</size>
         <input_file_ref idref="fl-c2"/>
      </object_component>
      <object_component id="oc-d1">
         <name>.debug_abbrev</name>
         <load_address>0xae4</load_address>
         <run_address>0xae4</run_address>
         <size>0x24</size>
         <input_file_ref idref="fl-c2"/>
      </object_component>
      <object_component id="oc-81">
         <name>.debug_abbrev</name>
         <load_address>0xb08</load_address>
         <run_address>0xb08</run_address>
         <size>0x37</size>
         <input_file_ref idref="fl-c3"/>
      </object_component>
      <object_component id="oc-39">
         <name>.debug_abbrev</name>
         <load_address>0xb3f</load_address>
         <run_address>0xb3f</run_address>
         <size>0x74</size>
         <input_file_ref idref="fl-c3"/>
      </object_component>
      <object_component id="oc-3c">
         <name>.debug_abbrev</name>
         <load_address>0xbb3</load_address>
         <run_address>0xbb3</run_address>
         <size>0x24</size>
         <input_file_ref idref="fl-c3"/>
      </object_component>
      <object_component id="oc-7e">
         <name>.debug_abbrev</name>
         <load_address>0xbd7</load_address>
         <run_address>0xbd7</run_address>
         <size>0x24</size>
         <input_file_ref idref="fl-c3"/>
      </object_component>
      <object_component id="oc-cd">
         <name>.debug_abbrev</name>
         <load_address>0xbfb</load_address>
         <run_address>0xbfb</run_address>
         <size>0x37</size>
         <input_file_ref idref="fl-c4"/>
      </object_component>
      <object_component id="oc-29">
         <name>.debug_abbrev</name>
         <load_address>0xc32</load_address>
         <run_address>0xc32</run_address>
         <size>0x6f</size>
         <input_file_ref idref="fl-c4"/>
      </object_component>
      <object_component id="oc-2c">
         <name>.debug_abbrev</name>
         <load_address>0xca1</load_address>
         <run_address>0xca1</run_address>
         <size>0x24</size>
         <input_file_ref idref="fl-c4"/>
      </object_component>
      <object_component id="oc-ca">
         <name>.debug_abbrev</name>
         <load_address>0xcc5</load_address>
         <run_address>0xcc5</run_address>
         <size>0x35</size>
         <input_file_ref idref="fl-c4"/>
      </object_component>
      <object_component id="oc-77">
         <name>.debug_abbrev</name>
         <load_address>0xcfa</load_address>
         <run_address>0xcfa</run_address>
         <size>0x24</size>
         <input_file_ref idref="fl-c4"/>
      </object_component>
      <object_component id="oc-73">
         <name>.debug_abbrev</name>
         <load_address>0xd1e</load_address>
         <run_address>0xd1e</run_address>
         <size>0x29</size>
         <input_file_ref idref="fl-c5"/>
      </object_component>
      <object_component id="oc-9f">
         <name>.debug_abbrev</name>
         <load_address>0xd47</load_address>
         <run_address>0xd47</run_address>
         <size>0x61</size>
         <input_file_ref idref="fl-c5"/>
      </object_component>
      <object_component id="oc-14d">
         <name>.debug_abbrev</name>
         <load_address>0xda8</load_address>
         <run_address>0xda8</run_address>
         <size>0x45</size>
         <input_file_ref idref="fl-c6"/>
      </object_component>
      <object_component id="oc-7b">
         <name>.debug_abbrev</name>
         <load_address>0xded</load_address>
         <run_address>0xded</run_address>
         <size>0x3e</size>
         <input_file_ref idref="fl-c9"/>
      </object_component>
      <object_component id="oc-183">
         <name>.debug_abbrev</name>
         <load_address>0xe2b</load_address>
         <run_address>0xe2b</run_address>
         <size>0xdb</size>
         <input_file_ref idref="fl-cb"/>
      </object_component>
      <object_component id="oc-157">
         <name>.debug_abbrev</name>
         <load_address>0xf06</load_address>
         <run_address>0xf06</run_address>
         <size>0x7e</size>
         <input_file_ref idref="fl-cb"/>
      </object_component>
      <object_component id="oc-187">
         <name>.debug_abbrev</name>
         <load_address>0xf84</load_address>
         <run_address>0xf84</run_address>
         <size>0x24</size>
         <input_file_ref idref="fl-cb"/>
      </object_component>
      <object_component id="oc-19b">
         <name>.debug_abbrev</name>
         <load_address>0xfa8</load_address>
         <run_address>0xfa8</run_address>
         <size>0x24</size>
         <input_file_ref idref="fl-cb"/>
      </object_component>
      <object_component id="oc-18c">
         <name>.debug_abbrev</name>
         <load_address>0xfcc</load_address>
         <run_address>0xfcc</run_address>
         <size>0x24</size>
         <input_file_ref idref="fl-cb"/>
      </object_component>
      <object_component id="oc-191">
         <name>.debug_abbrev</name>
         <load_address>0xff0</load_address>
         <run_address>0xff0</run_address>
         <size>0x4b</size>
         <input_file_ref idref="fl-cb"/>
      </object_component>
      <object_component id="oc-d7">
         <name>.debug_abbrev</name>
         <load_address>0x103b</load_address>
         <run_address>0x103b</run_address>
         <size>0x55</size>
         <input_file_ref idref="fl-cc"/>
      </object_component>
      <object_component id="oc-1d8">
         <name>.debug_abbrev</name>
         <load_address>0x1090</load_address>
         <run_address>0x1090</run_address>
         <size>0xf</size>
      </object_component>
      <object_component id="oc-136">
         <name>.debug_str</name>
         <load_address>0x0</load_address>
         <run_address>0x0</run_address>
         <size>0x15af</size>
         <input_file_ref idref="fl-2"/>
      </object_component>
      <object_component id="oc-c7">
         <name>.debug_str</name>
         <load_address>0x15af</load_address>
         <run_address>0x15af</run_address>
         <size>0x296</size>
         <input_file_ref idref="fl-2"/>
      </object_component>
      <object_component id="oc-13b">
         <name>.debug_str</name>
         <load_address>0x1845</load_address>
         <run_address>0x1845</run_address>
         <size>0x46b</size>
         <input_file_ref idref="fl-2"/>
      </object_component>
      <object_component id="oc-33">
         <name>.debug_str</name>
         <load_address>0x1cb0</load_address>
         <run_address>0x1cb0</run_address>
         <size>0xfa</size>
         <input_file_ref idref="fl-2"/>
      </object_component>
      <object_component id="oc-142">
         <name>.debug_str</name>
         <load_address>0x1daa</load_address>
         <run_address>0x1daa</run_address>
         <size>0x325</size>
         <input_file_ref idref="fl-2"/>
      </object_component>
      <object_component id="oc-bb">
         <name>.debug_str</name>
         <load_address>0x20cf</load_address>
         <run_address>0x20cf</run_address>
         <size>0x12e</size>
         <input_file_ref idref="fl-2"/>
      </object_component>
      <object_component id="oc-c0">
         <name>.debug_str</name>
         <load_address>0x21fd</load_address>
         <run_address>0x21fd</run_address>
         <size>0x1b5</size>
         <input_file_ref idref="fl-5"/>
      </object_component>
      <object_component id="oc-88">
         <name>.debug_str</name>
         <load_address>0x23b2</load_address>
         <run_address>0x23b2</run_address>
         <size>0xfa</size>
         <input_file_ref idref="fl-c2"/>
      </object_component>
      <object_component id="oc-d3">
         <name>.debug_str</name>
         <load_address>0x24ac</load_address>
         <run_address>0x24ac</run_address>
         <size>0x12d</size>
         <input_file_ref idref="fl-c2"/>
      </object_component>
      <object_component id="oc-3e">
         <name>.debug_str</name>
         <load_address>0x25d9</load_address>
         <run_address>0x25d9</run_address>
         <size>0x100</size>
         <input_file_ref idref="fl-c3"/>
      </object_component>
      <object_component id="oc-80">
         <name>.debug_str</name>
         <load_address>0x26d9</load_address>
         <run_address>0x26d9</run_address>
         <size>0x12d</size>
         <input_file_ref idref="fl-c3"/>
      </object_component>
      <object_component id="oc-2e">
         <name>.debug_str</name>
         <load_address>0x2806</load_address>
         <run_address>0x2806</run_address>
         <size>0x10d</size>
         <input_file_ref idref="fl-c4"/>
      </object_component>
      <object_component id="oc-cc">
         <name>.debug_str</name>
         <load_address>0x2913</load_address>
         <run_address>0x2913</run_address>
         <size>0x158</size>
         <input_file_ref idref="fl-c4"/>
      </object_component>
      <object_component id="oc-79">
         <name>.debug_str</name>
         <load_address>0x2a6b</load_address>
         <run_address>0x2a6b</run_address>
         <size>0x145</size>
         <input_file_ref idref="fl-c4"/>
      </object_component>
      <object_component id="oc-189">
         <name>.debug_str</name>
         <load_address>0x2bb0</load_address>
         <run_address>0x2bb0</run_address>
         <size>0xe2</size>
         <input_file_ref idref="fl-cb"/>
      </object_component>
      <object_component id="oc-19d">
         <name>.debug_str</name>
         <load_address>0x2c92</load_address>
         <run_address>0x2c92</run_address>
         <size>0x144</size>
         <input_file_ref idref="fl-cb"/>
      </object_component>
      <object_component id="oc-18e">
         <name>.debug_str</name>
         <load_address>0x2dd6</load_address>
         <run_address>0x2dd6</run_address>
         <size>0x13d</size>
         <input_file_ref idref="fl-cb"/>
      </object_component>
      <object_component id="oc-193">
         <name>.debug_str</name>
         <load_address>0x2f13</load_address>
         <run_address>0x2f13</run_address>
         <size>0x184</size>
         <input_file_ref idref="fl-cb"/>
      </object_component>
      <object_component id="oc-da">
         <name>.debug_aranges</name>
         <load_address>0x0</load_address>
         <run_address>0x0</run_address>
         <size>0x40</size>
         <input_file_ref idref="fl-2"/>
      </object_component>
      <object_component id="oc-e2">
         <name>.debug_aranges</name>
         <load_address>0x40</load_address>
         <run_address>0x40</run_address>
         <size>0x38</size>
         <input_file_ref idref="fl-3"/>
      </object_component>
      <object_component id="oc-e7">
         <name>.debug_aranges</name>
         <load_address>0x78</load_address>
         <run_address>0x78</run_address>
         <size>0x30</size>
         <input_file_ref idref="fl-4"/>
      </object_component>
      <object_component id="oc-6c">
         <name>.debug_aranges</name>
         <load_address>0xa8</load_address>
         <run_address>0xa8</run_address>
         <size>0x188</size>
         <input_file_ref idref="fl-5"/>
      </object_component>
      <object_component id="oc-98">
         <name>.debug_aranges</name>
         <load_address>0x230</load_address>
         <run_address>0x230</run_address>
         <size>0x30</size>
         <input_file_ref idref="fl-6"/>
      </object_component>
      <object_component id="oc-67">
         <name>.debug_aranges</name>
         <load_address>0x260</load_address>
         <run_address>0x260</run_address>
         <size>0x28</size>
         <input_file_ref idref="fl-7"/>
      </object_component>
      <object_component id="oc-ab">
         <name>.debug_aranges</name>
         <load_address>0x288</load_address>
         <run_address>0x288</run_address>
         <size>0x28</size>
         <input_file_ref idref="fl-8"/>
      </object_component>
      <object_component id="oc-41">
         <name>.debug_aranges</name>
         <load_address>0x2b0</load_address>
         <run_address>0x2b0</run_address>
         <size>0x20</size>
         <input_file_ref idref="fl-c2"/>
      </object_component>
      <object_component id="oc-1d">
         <name>.debug_aranges</name>
         <load_address>0x2d0</load_address>
         <run_address>0x2d0</run_address>
         <size>0x20</size>
         <input_file_ref idref="fl-c3"/>
      </object_component>
      <object_component id="oc-17">
         <name>.debug_aranges</name>
         <load_address>0x2f0</load_address>
         <run_address>0x2f0</run_address>
         <size>0x20</size>
         <input_file_ref idref="fl-c4"/>
      </object_component>
      <object_component id="oc-53">
         <name>.debug_aranges</name>
         <load_address>0x310</load_address>
         <run_address>0x310</run_address>
         <size>0x20</size>
         <input_file_ref idref="fl-c5"/>
      </object_component>
      <object_component id="oc-ef">
         <name>.debug_aranges</name>
         <load_address>0x330</load_address>
         <run_address>0x330</run_address>
         <size>0x20</size>
         <input_file_ref idref="fl-c6"/>
      </object_component>
      <object_component id="oc-37">
         <name>.debug_aranges</name>
         <load_address>0x350</load_address>
         <run_address>0x350</run_address>
         <size>0x20</size>
         <input_file_ref idref="fl-c9"/>
      </object_component>
      <object_component id="oc-fc">
         <name>.debug_aranges</name>
         <load_address>0x370</load_address>
         <run_address>0x370</run_address>
         <size>0x20</size>
         <input_file_ref idref="fl-cb"/>
      </object_component>
      <object_component id="oc-92">
         <name>.debug_aranges</name>
         <load_address>0x390</load_address>
         <run_address>0x390</run_address>
         <size>0x20</size>
         <input_file_ref idref="fl-cc"/>
      </object_component>
      <object_component id="oc-146">
         <name>.debug_pubnames</name>
         <load_address>0x0</load_address>
         <run_address>0x0</run_address>
         <size>0x67</size>
         <input_file_ref idref="fl-2"/>
      </object_component>
      <object_component id="oc-db">
         <name>.debug_pubnames</name>
         <load_address>0x67</load_address>
         <run_address>0x67</run_address>
         <size>0x68</size>
         <input_file_ref idref="fl-2"/>
      </object_component>
      <object_component id="oc-e3">
         <name>.debug_pubnames</name>
         <load_address>0xcf</load_address>
         <run_address>0xcf</run_address>
         <size>0x60</size>
         <input_file_ref idref="fl-3"/>
      </object_component>
      <object_component id="oc-e6">
         <name>.debug_pubnames</name>
         <load_address>0x12f</load_address>
         <run_address>0x12f</run_address>
         <size>0x49</size>
         <input_file_ref idref="fl-4"/>
      </object_component>
      <object_component id="oc-b1">
         <name>.debug_pubnames</name>
         <load_address>0x178</load_address>
         <run_address>0x178</run_address>
         <size>0x32</size>
         <input_file_ref idref="fl-5"/>
      </object_component>
      <object_component id="oc-b4">
         <name>.debug_pubnames</name>
         <load_address>0x1aa</load_address>
         <run_address>0x1aa</run_address>
         <size>0x63</size>
         <input_file_ref idref="fl-5"/>
      </object_component>
      <object_component id="oc-6d">
         <name>.debug_pubnames</name>
         <load_address>0x20d</load_address>
         <run_address>0x20d</run_address>
         <size>0x351</size>
         <input_file_ref idref="fl-5"/>
      </object_component>
      <object_component id="oc-ec">
         <name>.debug_pubnames</name>
         <load_address>0x55e</load_address>
         <run_address>0x55e</run_address>
         <size>0x1e</size>
         <input_file_ref idref="fl-6"/>
      </object_component>
      <object_component id="oc-99">
         <name>.debug_pubnames</name>
         <load_address>0x57c</load_address>
         <run_address>0x57c</run_address>
         <size>0x36</size>
         <input_file_ref idref="fl-6"/>
      </object_component>
      <object_component id="oc-25">
         <name>.debug_pubnames</name>
         <load_address>0x5b2</load_address>
         <run_address>0x5b2</run_address>
         <size>0x27</size>
         <input_file_ref idref="fl-7"/>
      </object_component>
      <object_component id="oc-66">
         <name>.debug_pubnames</name>
         <load_address>0x5d9</load_address>
         <run_address>0x5d9</run_address>
         <size>0x38</size>
         <input_file_ref idref="fl-7"/>
      </object_component>
      <object_component id="oc-12e">
         <name>.debug_pubnames</name>
         <load_address>0x611</load_address>
         <run_address>0x611</run_address>
         <size>0x26</size>
         <input_file_ref idref="fl-8"/>
      </object_component>
      <object_component id="oc-ac">
         <name>.debug_pubnames</name>
         <load_address>0x637</load_address>
         <run_address>0x637</run_address>
         <size>0x3b</size>
         <input_file_ref idref="fl-8"/>
      </object_component>
      <object_component id="oc-45">
         <name>.debug_pubnames</name>
         <load_address>0x672</load_address>
         <run_address>0x672</run_address>
         <size>0x2e</size>
         <input_file_ref idref="fl-c2"/>
      </object_component>
      <object_component id="oc-1c">
         <name>.debug_pubnames</name>
         <load_address>0x6a0</load_address>
         <run_address>0x6a0</run_address>
         <size>0x2b</size>
         <input_file_ref idref="fl-c3"/>
      </object_component>
      <object_component id="oc-16">
         <name>.debug_pubnames</name>
         <load_address>0x6cb</load_address>
         <run_address>0x6cb</run_address>
         <size>0x2b</size>
         <input_file_ref idref="fl-c4"/>
      </object_component>
      <object_component id="oc-28">
         <name>.debug_pubnames</name>
         <load_address>0x6f6</load_address>
         <run_address>0x6f6</run_address>
         <size>0x1e</size>
         <input_file_ref idref="fl-c5"/>
      </object_component>
      <object_component id="oc-55">
         <name>.debug_pubnames</name>
         <load_address>0x714</load_address>
         <run_address>0x714</run_address>
         <size>0x26</size>
         <input_file_ref idref="fl-c5"/>
      </object_component>
      <object_component id="oc-f3">
         <name>.debug_pubnames</name>
         <load_address>0x73a</load_address>
         <run_address>0x73a</run_address>
         <size>0x1c</size>
         <input_file_ref idref="fl-c6"/>
      </object_component>
      <object_component id="oc-36">
         <name>.debug_pubnames</name>
         <load_address>0x756</load_address>
         <run_address>0x756</run_address>
         <size>0x1d</size>
         <input_file_ref idref="fl-c9"/>
      </object_component>
      <object_component id="oc-fd">
         <name>.debug_pubnames</name>
         <load_address>0x773</load_address>
         <run_address>0x773</run_address>
         <size>0x35</size>
         <input_file_ref idref="fl-cb"/>
      </object_component>
      <object_component id="oc-93">
         <name>.debug_pubnames</name>
         <load_address>0x7a8</load_address>
         <run_address>0x7a8</run_address>
         <size>0x27</size>
         <input_file_ref idref="fl-cc"/>
      </object_component>
      <object_component id="oc-133">
         <name>.debug_pubtypes</name>
         <load_address>0x0</load_address>
         <run_address>0x0</run_address>
         <size>0x2ce</size>
         <input_file_ref idref="fl-2"/>
      </object_component>
      <object_component id="oc-c4">
         <name>.debug_pubtypes</name>
         <load_address>0x2ce</load_address>
         <run_address>0x2ce</run_address>
         <size>0x25c</size>
         <input_file_ref idref="fl-2"/>
      </object_component>
      <object_component id="oc-138">
         <name>.debug_pubtypes</name>
         <load_address>0x52a</load_address>
         <run_address>0x52a</run_address>
         <size>0xdd</size>
         <input_file_ref idref="fl-2"/>
      </object_component>
      <object_component id="oc-30">
         <name>.debug_pubtypes</name>
         <load_address>0x607</load_address>
         <run_address>0x607</run_address>
         <size>0xed</size>
         <input_file_ref idref="fl-2"/>
      </object_component>
      <object_component id="oc-13f">
         <name>.debug_pubtypes</name>
         <load_address>0x6f4</load_address>
         <run_address>0x6f4</run_address>
         <size>0x325</size>
         <input_file_ref idref="fl-2"/>
      </object_component>
      <object_component id="oc-b8">
         <name>.debug_pubtypes</name>
         <load_address>0xa19</load_address>
         <run_address>0xa19</run_address>
         <size>0xaa</size>
         <input_file_ref idref="fl-2"/>
      </object_component>
      <object_component id="oc-bd">
         <name>.debug_pubtypes</name>
         <load_address>0xac3</load_address>
         <run_address>0xac3</run_address>
         <size>0x20</size>
         <input_file_ref idref="fl-5"/>
      </object_component>
      <object_component id="oc-85">
         <name>.debug_pubtypes</name>
         <load_address>0xae3</load_address>
         <run_address>0xae3</run_address>
         <size>0x48</size>
         <input_file_ref idref="fl-c2"/>
      </object_component>
      <object_component id="oc-d0">
         <name>.debug_pubtypes</name>
         <load_address>0xb2b</load_address>
         <run_address>0xb2b</run_address>
         <size>0x1d</size>
         <input_file_ref idref="fl-c2"/>
      </object_component>
      <object_component id="oc-3b">
         <name>.debug_pubtypes</name>
         <load_address>0xb48</load_address>
         <run_address>0xb48</run_address>
         <size>0x48</size>
         <input_file_ref idref="fl-c3"/>
      </object_component>
      <object_component id="oc-7d">
         <name>.debug_pubtypes</name>
         <load_address>0xb90</load_address>
         <run_address>0xb90</run_address>
         <size>0x1d</size>
         <input_file_ref idref="fl-c3"/>
      </object_component>
      <object_component id="oc-2b">
         <name>.debug_pubtypes</name>
         <load_address>0xbad</load_address>
         <run_address>0xbad</run_address>
         <size>0x5d</size>
         <input_file_ref idref="fl-c4"/>
      </object_component>
      <object_component id="oc-c9">
         <name>.debug_pubtypes</name>
         <load_address>0xc0a</load_address>
         <run_address>0xc0a</run_address>
         <size>0x48</size>
         <input_file_ref idref="fl-c4"/>
      </object_component>
      <object_component id="oc-76">
         <name>.debug_pubtypes</name>
         <load_address>0xc52</load_address>
         <run_address>0xc52</run_address>
         <size>0x35</size>
         <input_file_ref idref="fl-c4"/>
      </object_component>
      <object_component id="oc-186">
         <name>.debug_pubtypes</name>
         <load_address>0xc87</load_address>
         <run_address>0xc87</run_address>
         <size>0x32</size>
         <input_file_ref idref="fl-cb"/>
      </object_component>
      <object_component id="oc-19a">
         <name>.debug_pubtypes</name>
         <load_address>0xcb9</load_address>
         <run_address>0xcb9</run_address>
         <size>0x30</size>
         <input_file_ref idref="fl-cb"/>
      </object_component>
      <object_component id="oc-18b">
         <name>.debug_pubtypes</name>
         <load_address>0xce9</load_address>
         <run_address>0xce9</run_address>
         <size>0x2c</size>
         <input_file_ref idref="fl-cb"/>
      </object_component>
      <object_component id="oc-190">
         <name>.debug_pubtypes</name>
         <load_address>0xd15</load_address>
         <run_address>0xd15</run_address>
         <size>0x50</size>
         <input_file_ref idref="fl-cb"/>
      </object_component>
   </object_component_list>
   <logical_group_list>
      <logical_group id="lg-3" display="no" color="cyan">
         <name>.intvecs</name>
         <load_address>0x0</load_address>
         <run_address>0x0</run_address>
         <size>0xe4</size>
         <contents>
            <object_component_ref idref="oc-23"/>
         </contents>
      </logical_group>
      <logical_group id="lg-4" display="no" color="cyan">
         <name>.text</name>
         <load_address>0xe4</load_address>
         <run_address>0xe4</run_address>
         <size>0xfb2</size>
         <contents>
            <object_component_ref idref="oc-6a"/>
            <object_component_ref idref="oc-a8"/>
            <object_component_ref idref="oc-d8"/>
            <object_component_ref idref="oc-96"/>
            <object_component_ref idref="oc-de"/>
            <object_component_ref idref="oc-34"/>
            <object_component_ref idref="oc-e4"/>
            <object_component_ref idref="oc-14"/>
            <object_component_ref idref="oc-fa"/>
            <object_component_ref idref="oc-52"/>
            <object_component_ref idref="oc-40"/>
            <object_component_ref idref="oc-1a"/>
            <object_component_ref idref="oc-64"/>
            <object_component_ref idref="oc-90"/>
            <object_component_ref idref="oc-ee"/>
         </contents>
      </logical_group>
      <logical_group id="lg-5" display="no" color="cyan">
         <name>.const</name>
         <load_address>0x1098</load_address>
         <run_address>0x1098</run_address>
         <size>0x10</size>
         <contents>
            <object_component_ref idref="oc-ea"/>
         </contents>
      </logical_group>
      <logical_group id="lg-6" display="no" color="cyan">
         <name>.cinit</name>
         <load_address>0x10a8</load_address>
         <run_address>0x10a8</run_address>
         <size>0x38</size>
         <contents>
            <object_component_ref idref="oc-1d4"/>
            <object_component_ref idref="oc-1d2"/>
            <object_component_ref idref="oc-1d5"/>
            <object_component_ref idref="oc-1d3"/>
         </contents>
      </logical_group>
      <logical_group id="lg-7" display="no" color="cyan">
         <name>.pinit</name>
         <run_address>0x0</run_address>
         <size>0x0</size>
         <contents>
         </contents>
      </logical_group>
      <logical_group id="lg-8" display="no" color="cyan">
         <name>.init_array</name>
         <run_address>0x0</run_address>
         <size>0x0</size>
         <contents>
         </contents>
      </logical_group>
      <logical_group id="lg-9" display="no" color="cyan">
         <name>.binit</name>
         <load_address>0x0</load_address>
         <run_address>0x0</run_address>
         <size>0x0</size>
         <contents>
            <object_component_ref idref="oc-1a7"/>
         </contents>
      </logical_group>
      <logical_group id="lg-a" display="no" color="cyan">
         <name>.flashMailbox</name>
         <run_address>0x0</run_address>
         <size>0x0</size>
         <contents>
         </contents>
      </logical_group>
      <logical_group id="lg-b" display="no" color="cyan">
         <name>.tlvTable</name>
         <run_address>0x0</run_address>
         <size>0x0</size>
         <contents>
         </contents>
      </logical_group>
      <logical_group id="lg-c" display="no" color="cyan">
         <name>.bslArea</name>
         <run_address>0x0</run_address>
         <size>0x0</size>
         <contents>
         </contents>
      </logical_group>
      <logical_group id="lg-d" display="no" color="cyan">
         <name>.vtable</name>
         <run_address>0x0</run_address>
         <size>0x0</size>
         <contents>
         </contents>
      </logical_group>
      <logical_group id="lg-e" display="no" color="cyan">
         <name>.data</name>
         <run_address>0x20000000</run_address>
         <size>0x28</size>
         <contents>
            <object_component_ref idref="oc-144"/>
            <object_component_ref idref="oc-b2"/>
            <object_component_ref idref="oc-12c"/>
         </contents>
      </logical_group>
      <logical_group id="lg-f" display="no" color="cyan">
         <name>.bss</name>
         <run_address>0x20000028</run_address>
         <size>0x5</size>
         <contents>
            <object_component_ref idref="oc-af"/>
            <object_component_ref idref="oc-b5"/>
         </contents>
      </logical_group>
      <logical_group id="lg-10" display="no" color="cyan">
         <name>.sysmem</name>
         <run_address>0x0</run_address>
         <size>0x0</size>
         <contents>
         </contents>
      </logical_group>
      <logical_group id="lg-11" display="no" color="cyan">
         <name>.stack</name>
         <run_address>0x2000fe00</run_address>
         <size>0x200</size>
         <contents>
            <object_component_ref idref="oc-26"/>
            <object_component_ref idref="oc-1d6"/>
         </contents>
      </logical_group>
      <logical_group id="lg-12" display="no" color="cyan">
         <name>.TI.ramfunc</name>
         <run_address>0x0</run_address>
         <size>0x0</size>
         <contents>
         </contents>
      </logical_group>
      <logical_group id="lg-1a5" display="no" color="cyan">
         <name>.TI.noinit</name>
         <run_address>0x0</run_address>
         <size>0x0</size>
         <contents>
         </contents>
      </logical_group>
      <logical_group id="lg-1a6" display="no" color="cyan">
         <name>.TI.persistent</name>
         <run_address>0x0</run_address>
         <size>0x0</size>
         <contents>
         </contents>
      </logical_group>
      <logical_group id="lg-1ba" display="never" color="cyan">
         <name>.debug_info</name>
         <load_address>0x0</load_address>
         <run_address>0x0</run_address>
         <size>0xb1ae</size>
         <contents>
            <object_component_ref idref="oc-143"/>
            <object_component_ref idref="oc-145"/>
            <object_component_ref idref="oc-d9"/>
            <object_component_ref idref="oc-132"/>
            <object_component_ref idref="oc-c3"/>
            <object_component_ref idref="oc-137"/>
            <object_component_ref idref="oc-2f"/>
            <object_component_ref idref="oc-13e"/>
            <object_component_ref idref="oc-b7"/>
            <object_component_ref idref="oc-e1"/>
            <object_component_ref idref="oc-e5"/>
            <object_component_ref idref="oc-b0"/>
            <object_component_ref idref="oc-b3"/>
            <object_component_ref idref="oc-6b"/>
            <object_component_ref idref="oc-bc"/>
            <object_component_ref idref="oc-14c"/>
            <object_component_ref idref="oc-eb"/>
            <object_component_ref idref="oc-97"/>
            <object_component_ref idref="oc-72"/>
            <object_component_ref idref="oc-24"/>
            <object_component_ref idref="oc-65"/>
            <object_component_ref idref="oc-12d"/>
            <object_component_ref idref="oc-aa"/>
            <object_component_ref idref="oc-89"/>
            <object_component_ref idref="oc-44"/>
            <object_component_ref idref="oc-84"/>
            <object_component_ref idref="oc-cf"/>
            <object_component_ref idref="oc-3f"/>
            <object_component_ref idref="oc-1b"/>
            <object_component_ref idref="oc-3a"/>
            <object_component_ref idref="oc-7c"/>
            <object_component_ref idref="oc-7a"/>
            <object_component_ref idref="oc-15"/>
            <object_component_ref idref="oc-2a"/>
            <object_component_ref idref="oc-c8"/>
            <object_component_ref idref="oc-75"/>
            <object_component_ref idref="oc-27"/>
            <object_component_ref idref="oc-54"/>
            <object_component_ref idref="oc-f2"/>
            <object_component_ref idref="oc-35"/>
            <object_component_ref idref="oc-158"/>
[...]
      </symbol>
      <symbol id="sm-90">
         <name>Postwait</name>
         <value>0x2000000c</value>
         <object_component_ref idref="oc-144"/>
      </symbol>
      <symbol id="sm-91">
         <name>delay</name>
         <value>0xb5d</value>
         <object_component_ref idref="oc-d8"/>
      </symbol>
      <symbol id="sm-92">
         <name>CPMwait</name>
         <value>0x20000008</value>
         <object_component_ref idref="oc-144"/>
      </symbol>
      <symbol id="sm-93">
         <name>Clock_Init48MHz</name>
         <value>0xa41</value>
         <object_component_ref idref="oc-d8"/>
      </symbol>
      <symbol id="sm-ac">
         <name>LaunchPad_LED</name>
         <value>0xe0b</value>
         <object_component_ref idref="oc-de"/>
      </symbol>
      <symbol id="sm-ad">
         <name>LaunchPad_Input</name>
         <value>0xdf1</value>
         <object_component_ref idref="oc-de"/>
      </symbol>
      <symbol id="sm-ae">
         <name>LaunchPad_Output</name>
         <value>0xe29</value>
         <object_component_ref idref="oc-de"/>
      </symbol>
      <symbol id="sm-af">
         <name>LaunchPad_Init</name>
         <value>0xd81</value>
         <object_component_ref idref="oc-de"/>
      </symbol>
      <symbol id="sm-c4">
         <name>SysTick_Wait</name>
         <value>0xf21</value>
         <object_component_ref idref="oc-e4"/>
      </symbol>
      <symbol id="sm-c5">
         <name>SysTick_Wait10ms</name>
         <value>0xf47</value>
         <object_component_ref idref="oc-e4"/>
      </symbol>
      <symbol id="sm-c6">
         <name>SysTick_Init</name>
         <value>0xf11</value>
         <object_component_ref idref="oc-e4"/>
      </symbol>
      <symbol id="sm-16a">
         <name>LogicData</name>
         <value>0x2000002c</value>
      </symbol>
      <symbol id="sm-16b">
         <name>PeriodicTask2</name>
         <value>0x20000028</value>
      </symbol>
      <symbol id="sm-16c">
         <name>TExaS_Clear5</name>
         <value>0x445</value>
         <object_component_ref idref="oc-6a"/>
      </symbol>
      <symbol id="sm-16d">
         <name>TExaS_Clear4</name>
         <value>0x443</value>
         <object_component_ref idref="oc-6a"/>
      </symbol>
      <symbol id="sm-16e">
         <name>TExaS_Clear6</name>
         <value>0x451</value>
         <object_component_ref idref="oc-6a"/>
      </symbol>
      <symbol id="sm-16f">
         <name>TExaS_Clear1</name>
         <value>0x41f</value>
         <object_component_ref idref="oc-6a"/>
      </symbol>
      <symbol id="sm-170">
         <name>TExaS_Clear0</name>
         <value>0x413</value>
         <object_component_ref idref="oc-6a"/>
      </symbol>
      <symbol id="sm-171">
         <name>TExaS_Clear3</name>
         <value>0x437</value>
         <object_component_ref idref="oc-6a"/>
      </symbol>
      <symbol id="sm-172">
         <name>TExaS_Clear2</name>
         <value>0x42b</value>
         <object_component_ref idref="oc-6a"/>
      </symbol>
      <symbol id="sm-173">
         <name>TExaS_Stop</name>
         <value>0x6b1</value>
         <object_component_ref idref="oc-6a"/>
      </symbol>
      <symbol id="sm-174">
         <name>TExaS_ScopeErrConflict</name>
         <value>0x2000001c</value>
         <object_component_ref idref="oc-b2"/>
      </symbol>
      <symbol id="sm-175">
         <name>ADC_Init</name>
         <value>0x475</value>
         <object_component_ref idref="oc-6a"/>
      </symbol>
      <symbol id="sm-176">
         <name>LogicAnalyzer_P4_765432</name>
         <value>0x137</value>
         <object_component_ref idref="oc-6a"/>
      </symbol>
      <symbol id="sm-177">
         <name>PeriodicTask2_Init</name>
         <value>0x257</value>
         <object_component_ref idref="oc-6a"/>
      </symbol>
      <symbol id="sm-178">
         <name>LogicAnalyzer_P1</name>
         <value>0xef</value>
         <object_component_ref idref="oc-6a"/>
      </symbol>
      <symbol id="sm-179">
         <name>LogicAnalyzer_P3</name>
         <value>0x11b</value>
         <object_component_ref idref="oc-6a"/>
      </symbol>
      <symbol id="sm-17a">
         <name>LogicAnalyzer_P2</name>
         <value>0xfd</value>
         <object_component_ref idref="oc-6a"/>
      </symbol>
      <symbol id="sm-17b">
         <name>LogicAnalyzer_P5</name>
         <value>0x17f</value>
         <object_component_ref idref="oc-6a"/>
      </symbol>
      <symbol id="sm-17c">
         <name>LogicAnalyzer_P4</name>
         <value>0x129</value>
         <object_component_ref idref="oc-6a"/>
      </symbol>
      <symbol id="sm-17d">
         <name>LogicAnalyzer_P7</name>
         <value>0x19b</value>
         <object_component_ref idref="oc-6a"/>
      </symbol>
      <symbol id="sm-17e">
         <name>LogicAnalyzer_P6</name>
         <value>0x18d</value>
         <object_component_ref idref="oc-6a"/>
      </symbol>
      <symbol id="sm-17f">
         <name>LogicAnalyzer_P9</name>
         <value>0x1b7</value>
         <object_component_ref idref="oc-6a"/>
      </symbol>
      <symbol id="sm-180">
         <name>LogicAnalyzer_P8</name>
         <value>0x1a9</value>
         <object_component_ref idref="oc-6a"/>
      </symbol>
      <symbol id="sm-181">
         <name>TExaS_ScopeWrnReconfig</name>
         <value>0x20000020</value>
         <object_component_ref idref="oc-b2"/>
      </symbol>
      <symbol id="sm-182">
         <name>TExaS_Task0</name>
         <value>0x367</value>
         <object_component_ref idref="oc-6a"/>
      </symbol>
      <symbol id="sm-183">
         <name>TExaS_Task1</name>
         <value>0x373</value>
         <object_component_ref idref="oc-6a"/>
      </symbol>
      <symbol id="sm-184">
         <name>TExaS_Task2</name>
         <value>0x37f</value>
         <object_component_ref idref="oc-6a"/>
      </symbol>
      <symbol id="sm-185">
         <name>TExaS_Task3</name>
         <value>0x38b</value>
         <object_component_ref idref="oc-6a"/>
      </symbol>
      <symbol id="sm-186">
         <name>TExaS_Task4</name>
         <value>0x397</value>
         <object_component_ref idref="oc-6a"/>
      </symbol>
      <symbol id="sm-187">
         <name>TExaS_Task5</name>
         <value>0x399</value>
         <object_component_ref idref="oc-6a"/>
      </symbol>
      <symbol id="sm-188">
         <name>TExaS_Task6</name>
         <value>0x3a5</value>
         <object_component_ref idref="oc-6a"/>
      </symbol>
      <symbol id="sm-189">
         <name>Scope</name>
         <value>0x1d3</value>
         <object_component_ref idref="oc-6a"/>
      </symbol>
      <symbol id="sm-18a">
         <name>TExaS_Set0</name>
         <value>0x3c9</value>
         <object_component_ref idref="oc-6a"/>
      </symbol>
      <symbol id="sm-18b">
         <name>TExaS_Set1</name>
         <value>0x3d5</value>
         <object_component_ref idref="oc-6a"/>
      </symbol>
      <symbol id="sm-18c">
         <name>TExaS_Set2</name>
         <value>0x3e1</value>
         <object_component_ref idref="oc-6a"/>
      </symbol>
      <symbol id="sm-18d">
         <name>TExaS_Set3</name>
         <value>0x3ed</value>
         <object_component_ref idref="oc-6a"/>
      </symbol>
      <symbol id="sm-18e">
         <name>TExaS_Set4</name>
         <value>0x3f9</value>
         <object_component_ref idref="oc-6a"/>
      </symbol>
      <symbol id="sm-18f">
         <name>TExaS_Set5</name>
         <value>0x3fb</value>
         <object_component_ref idref="oc-6a"/>
      </symbol>
      <symbol id="sm-190">
         <name>TExaS_Set6</name>
         <value>0x407</value>
         <object_component_ref idref="oc-6a"/>
      </symbol>
      <symbol id="sm-191">
         <name>TExaS_ScopeErrLostData</name>
         <value>0x20000018</value>
         <object_component_ref idref="oc-b2"/>
      </symbol>
      <symbol id="sm-192">
         <name>PeriodicTask2_Stop</name>
         <value>0x2d1</value>
         <object_component_ref idref="oc-6a"/>
      </symbol>
      <symbol id="sm-193">
         <name>LogicAnalyzer_P10</name>
         <value>0x1c5</value>
         <object_component_ref idref="oc-6a"/>
      </symbol>
      <symbol id="sm-194">
         <name>TExaS_Init</name>
         <value>0x551</value>
         <object_component_ref idref="oc-6a"/>
      </symbol>
      <symbol id="sm-195">
         <name>UART_InChar</name>
         <value>0x33b</value>
         <object_component_ref idref="oc-6a"/>
      </symbol>
      <symbol id="sm-196">
         <name>LogicAnalyzer</name>
         <value>0xe5</value>
         <object_component_ref idref="oc-6a"/>
      </symbol>
      <symbol id="sm-197">
         <name>LogicAnalyzer_P4_765320</name>
         <value>0x147</value>
         <object_component_ref idref="oc-6a"/>
      </symbol>
      <symbol id="sm-198">
         <name>T32_INT1_IRQHandler</name>
         <value>0x2c1</value>
         <object_component_ref idref="oc-6a"/>
      </symbol>
      <symbol id="sm-199">
         <name>UART_Init</name>
         <value>0x2e1</value>
         <object_component_ref idref="oc-6a"/>
      </symbol>
      <symbol id="sm-19a">
         <name>LogicAnalyzer_P2_7654</name>
         <value>0x10b</value>
         <object_component_ref idref="oc-6a"/>
      </symbol>
      <symbol id="sm-19b">
         <name>UART_OutChar</name>
         <value>0x34b</value>
         <object_component_ref idref="oc-6a"/>
      </symbol>
      <symbol id="sm-19c">
         <name>TExaS_Set</name>
         <value>0x3b1</value>
         <object_component_ref idref="oc-6a"/>
      </symbol>
      <symbol id="sm-1c4">
         <name>Lab2main</name>
         <value>0xcc5</value>
         <object_component_ref idref="oc-96"/>
      </symbol>
      <symbol id="sm-1c5">
         <name>scopeMain</name>
         <value>0xc21</value>
         <object_component_ref idref="oc-96"/>
      </symbol>
      <symbol id="sm-1c6">
         <name>FreqTab</name>
         <value>0x1098</value>
         <object_component_ref idref="oc-ea"/>
      </symbol>
      <symbol id="sm-1c7">
         <name>main</name>
         <value>0xc5f</value>
         <object_component_ref idref="oc-96"/>
      </symbol>
      <symbol id="sm-1dc">
         <name>Reset_Handler</name>
         <value>0x1081</value>
         <object_component_ref idref="oc-64"/>
      </symbol>
      <symbol id="sm-1dd">
         <name>Default_Handler</name>
         <value>0x108d</value>
         <object_component_ref idref="oc-64"/>
      </symbol>
      <symbol id="sm-1de">
         <name>interruptVectors</name>
         <value>0x0</value>
         <object_component_ref idref="oc-23"/>
      </symbol>
      <symbol id="sm-224">
         <name>SystemInit</name>
         <value>0x989</value>
         <object_component_ref idref="oc-a8"/>
      </symbol>
      <symbol id="sm-225">
         <name>SystemCoreClockUpdate</name>
         <value>0x715</value>
         <object_component_ref idref="oc-a8"/>
      </symbol>
      <symbol id="sm-226">
         <name>SystemCoreClock</name>
         <value>0x20000024</value>
         <object_component_ref idref="oc-12c"/>
      </symbol>
      <symbol id="sm-23f">
         <name>__TI_zero_init_nomemset</name>
         <value>0x1061</value>
         <object_component_ref idref="oc-40"/>
      </symbol>
      <symbol id="sm-256">
         <name>__TI_decompress_none</name>
         <value>0x1073</value>
         <object_component_ref idref="oc-1a"/>
      </symbol>
      <symbol id="sm-279">
         <name>__TI_decompress_lzss</name>
         <value>0xf7d</value>
         <object_component_ref idref="oc-14"/>
      </symbol>
      <symbol id="sm-28c">
         <name>__stack</name>
         <value>0x2000fe00</value>
         <object_component_ref idref="oc-26"/>
      </symbol>
      <symbol id="sm-28d">
         <name>_c_int00_noargs</name>
         <value>0x1029</value>
         <object_component_ref idref="oc-52"/>
      </symbol>
      <symbol id="sm-298">
         <name>C$$EXIT</name>
         <value>0x1093</value>
         <object_component_ref idref="oc-ee"/>
      </symbol>
      <symbol id="sm-299">
         <name>abort</name>
         <value>0x1093</value>
         <object_component_ref idref="oc-ee"/>
      </symbol>
      <symbol id="sm-2b6">
         <name>memcpy</name>
         <value>0xe75</value>
         <object_component_ref idref="oc-34"/>
      </symbol>
      <symbol id="sm-2b7">
         <name>__aeabi_memcpy</name>
         <value>0xe75</value>
         <object_component_ref idref="oc-34"/>
      </symbol>
      <symbol id="sm-2b8">
         <name>__aeabi_memcpy8</name>
         <value>0xe75</value>
         <object_component_ref idref="oc-34"/>
      </symbol>
      <symbol id="sm-2b9">
         <name>__aeabi_memcpy4</name>
         <value>0xe75</value>
         <object_component_ref idref="oc-34"/>
      </symbol>
      <symbol id="sm-2e2">
         <name>__TI_auto_init_nobinit_nopinit</name>
         <value>0xfe5</value>
         <object_component_ref idref="oc-fa"/>
      </symbol>
      <symbol id="sm-2ec">
         <name>_system_pre_init</name>
         <value>0x108f</value>
         <object_component_ref idref="oc-90"/>
      </symbol>
      <symbol id="sm-2ee">
         <name>__TI_static_base__</name>
         <value>0x0</value>
      </symbol>
      <symbol id="sm-2f1">
         <name>__mpu_init</name>
         <value>0x0</value>
      </symbol>
      <symbol id="sm-2f2">
         <name>_system_post_cinit</name>
         <value>0x0</value>
      </symbol>
      <symbol id="sm-2f3">
         <name>NMI_Handler</name>
         <value>0x108d</value>
      </symbol>
      <symbol id="sm-2f4">
         <name>HardFault_Handler</name>
         <value>0x108d</value>
      </symbol>
      <symbol id="sm-2f5">
         <name>MemManage_Handler</name>
         <value>0x108d</value>
      </symbol>
      <symbol id="sm-2f6">
         <name>BusFault_Handler</name>
         <value>0x108d</value>
      </symbol>
      <symbol id="sm-2f7">
         <name>UsageFault_Handler</name>
         <value>0x108d</value>
      </symbol>
      <symbol id="sm-2f8">
         <name>SVC_Handler</name>
         <value>0x108d</value>
      </symbol>
      <symbol id="sm-2f9">
         <name>DebugMon_Handler</name>
         <value>0x108d</value>
      </symbol>
      <symbol id="sm-2fa">
         <name>PendSV_Handler</name>
         <value>0x108d</value>
      </symbol>
      <symbol id="sm-2fb">
         <name>SysTick_Handler</name>
         <value>0x108d</value>
      </symbol>
      <symbol id="sm-2fc">
         <name>PSS_IRQHandler</name>
         <value>0x108d</value>
      </symbol>
      <symbol id="sm-2fd">
         <name>CS_IRQHandler</name>
         <value>0x108d</value>
      </symbol>
      <symbol id="sm-2fe">
         <name>PCM_IRQHandler</name>
         <value>0x108d</value>
      </symbol>
      <symbol id="sm-2ff">
         <name>WDT_A_IRQHandler</name>
         <value>0x108d</value>
      </symbol>
      <symbol id="sm-300">
         <name>FPU_IRQHandler</name>
         <value>0x108d</value>
      </symbol>
      <symbol id="sm-301">
         <name>FLCTL_IRQHandler</name>
         <value>0x108d</value>
      </symbol>
      <symbol id="sm-302">
         <name>COMP_E0_IRQHandler</name>
         <value>0x108d</value>
      </symbol>
      <symbol id="sm-303">
         <name>COMP_E1_IRQHandler</name>
         <value>0x108d</value>
      </symbol>
      <symbol id="sm-304">
         <name>TA0_0_IRQHandler</name>
         <value>0x108d</value>
      </symbol>
      <symbol id="sm-305">
         <name>TA0_N_IRQHandler</name>
         <value>0x108d</value>
      </symbol>
      <symbol id="sm-306">
         <name>TA1_0_IRQHandler</name>
         <value>0x108d</value>
      </symbol>
      <symbol id="sm-307">
         <name>TA1_N_IRQHandler</name>
         <value>0x108d</value>
      </symbol>
      <symbol id="sm-308">
         <name>TA2_0_IRQHandler</name>
         <value>0x108d</value>
      </symbol>
      <symbol id="sm-309">
         <name>TA2_N_IRQHandler</name>
         <value>0x108d</value>
      </symbol>
      <symbol id="sm-30a">
         <name>TA3_0_IRQHandler</name>
         <value>0x108d</value>
      </symbol>
      <symbol id="sm-30b">
         <name>TA3_N_IRQHandler</name>
         <value>0x108d</value>
      </symbol>
      <symbol id="sm-30c">
         <name>EUSCIA0_IRQHandler</name>
         <value>0x108d</value>
      </symbol>
      <symbol id="sm-30d">
         <name>EUSCIA1_IRQHandler</name>
         <value>0x108d</value>
      </symbol>
      <symbol id="sm-30e">
         <name>EUSCIA2_IRQHandler</name>
         <value>0x108d</value>
      </symbol>
      <symbol id="sm-30f">
         <name>EUSCIA3_IRQHandler</name>
         <value>0x108d</value>
      </symbol>
      <symbol id="sm-310">
         <name>EUSCIB0_IRQHandler</name>
         <value>0x108d</value>
      </symbol>
      <symbol id="sm-311">
         <name>EUSCIB1_IRQHandler</name>
         <value>0x108d</value>
      </symbol>
      <symbol id="sm-312">
         <name>EUSCIB2_IRQHandler</name>
         <value>0x108d</value>
      </symbol>
      <symbol id="sm-313">
         <name>EUSCIB3_IRQHandler</name>
         <value>0x108d</value>
      </symbol>
      <symbol id="sm-314">
         <name>ADC14_IRQHandler</name>
         <value>0x108d</value>
      </symbol>
      <symbol id="sm-315">
         <name>T32_INT1_IRQHandler</name>
         <value>0x2c1</value>
      </symbol>
      <symbol id="sm-316">
         <name>T32_INT2_IRQHandler</name>
         <value>0x108d</value>
      </symbol>
      <symbol id="sm-317">
         <name>T32_INTC_IRQHandler</name>
         <value>0x108d</value>
      </symbol>
      <symbol id="sm-318">
         <name>AES256_IRQHandler</name>
         <value>0x108d</value>
      </symbol>
      <symbol id="sm-319">
         <name>RTC_C_IRQHandler</name>
         <value>0x108d</value>
      </symbol>
      <symbol id="sm-31a">
         <name>DMA_ERR_IRQHandler</name>
         <value>0x108d</value>
      </symbol>
      <symbol id="sm-31b">
         <name>DMA_INT3_IRQHandler</name>
         <value>0x108d</value>
      </symbol>
      <symbol id="sm-31c">
         <name>DMA_INT2_IRQHandler</name>
         <value>0x108d</value>
      </symbol>
      <symbol id="sm-31d">
         <name>DMA_INT1_IRQHandler</name>
         <value>0x108d</value>
      </symbol>
      <symbol id="sm-31e">
         <name>DMA_INT0_IRQHandler</name>
         <value>0x108d</value>
      </symbol>
      <symbol id="sm-31f">
         <name>PORT1_IRQHandler</name>
         <value>0x108d</value>
      </symbol>
      <symbol id="sm-320">
         <name>PORT2_IRQHandler</name>
         <value>0x108d</value>
      </symbol>
      <symbol id="sm-321">
         <name>PORT3_IRQHandler</name>
         <value>0x108d</value>
      </symbol>
      <symbol id="sm-322">
         <name>PORT4_IRQHandler</name>
         <value>0x108d</value>
      </symbol>
      <symbol id="sm-323">
         <name>PORT5_IRQHandler</name>
         <value>0x108d</value>
      </symbol>
      <symbol id="sm-324">
         <name>PORT6_IRQHandler</name>
         <value>0x108d</value>
      </symbol>
   </symbol_table>
   <title>Link successful</title>
</link_info>
